
######## 0. 실습 환경

$ docker run -d --init --name pglab --hostname pglab pg-internals:rocky9-rel18 sleep infinity
a02973dd02b2018f20b59474208abb850ca899bbb813b90537a41eacdc63c230
[exit=0]

$ cat /etc/rocky-release
$ postgres --version
$ initdb -D $PGDATA > /home/postgres/initdb.log 2>&1 && echo "initdb ok"
Rocky Linux release 9.8 (Blue Onyx)
postgres (PostgreSQL) 18.6
initdb ok
[exit=0]


######## 1. 서버 시작 직후의 프로세스 트리

$ pg_ctl -D $PGDATA -l /home/postgres/server.log start
waiting for server to start.... done
server started
[exit=0]

$ PM=$(head -1 $PGDATA/postmaster.pid); ps -o pid,ppid,cmd --forest -p $PM --ppid $PM
    PID    PPID CMD
     33       1 /usr/local/pgsql/bin/postgres -D /var/lib/postgresql/data
     34      33  \_ postgres: io worker 0
     35      33  \_ postgres: io worker 1
     36      33  \_ postgres: io worker 2
     37      33  \_ postgres: checkpointer 
     38      33  \_ postgres: background writer 
     40      33  \_ postgres: walwriter 
     41      33  \_ postgres: autovacuum launcher 
     42      33  \_ postgres: logical replication launcher 
[exit=0]

$ head -1 $PGDATA/postmaster.pid
$ cat /home/postgres/server.log
33
2026-09-26 10:24:03.341 UTC [33] LOG:  starting PostgreSQL 18.6 on aarch64-unknown-linux-gnu, compiled by gcc (GCC) 11.5.0 20240719 (Red Hat 11.5.0-14), 64-bit
2026-09-26 10:24:03.341 UTC [33] LOG:  listening on IPv6 address "::1", port 5432
2026-09-26 10:24:03.341 UTC [33] LOG:  listening on IPv4 address "127.0.0.1", port 5432
2026-09-26 10:24:03.342 UTC [33] LOG:  listening on Unix socket "/tmp/.s.PGSQL.5432"
2026-09-26 10:24:03.346 UTC [39] LOG:  database system was shut down at 2026-09-26 10:24:02 UTC
2026-09-26 10:24:03.347 UTC [33] LOG:  database system is ready to accept connections
[exit=0]


######## 2. pg_stat_activity의 backend_type

$ psql -X -c "SELECT pid, backend_type FROM pg_stat_activity ORDER BY pid"
 pid |         backend_type         
-----+------------------------------
  34 | io worker
  35 | io worker
  36 | io worker
  37 | checkpointer
  38 | background writer
  40 | walwriter
  41 | autovacuum launcher
  42 | logical replication launcher
  66 | client backend
(9 rows)

[exit=0]


######## 3. 접속할 때마다 backend가 하나씩 생긴다

$ psql -X -q <<'SQL'
$ ALTER SYSTEM SET log_line_prefix = '%m [%p] %b ';
$ ALTER SYSTEM SET log_connections = 'receipt,authentication,authorization,setup_durations';
$ ALTER SYSTEM SET log_disconnections = on;
$ SELECT pg_reload_conf();
$ SQL
 pg_reload_conf 
----------------
 t
(1 row)

[exit=0]

$ docker exec -d pglab bash -c 'sleep 3600 | psql -X -q -h 127.0.0.1'
[exit=0]

$ docker exec -d pglab bash -c 'sleep 3600 | psql -X -q'
[exit=0]

$ docker exec -d pglab bash -c 'psql -X -c "SELECT pg_sleep(3600)"'
[exit=0]

$ PM=$(head -1 $PGDATA/postmaster.pid); ps -o pid,ppid,cmd --forest -p $PM --ppid $PM
    PID    PPID CMD
     33       1 /usr/local/pgsql/bin/postgres -D /var/lib/postgresql/data
     34      33  \_ postgres: io worker 0
     35      33  \_ postgres: io worker 1
     36      33  \_ postgres: io worker 2
     37      33  \_ postgres: checkpointer 
     38      33  \_ postgres: background writer 
     40      33  \_ postgres: walwriter 
     41      33  \_ postgres: autovacuum launcher 
     42      33  \_ postgres: logical replication launcher 
     83      33  \_ postgres: postgres postgres 127.0.0.1(45092) idle
     92      33  \_ postgres: postgres postgres [local] idle
     99      33  \_ postgres: postgres postgres [local] SELECT
[exit=0]

$ psql -X -c "SELECT pid, backend_type, client_addr, state, query FROM pg_stat_activity WHERE backend_type = 'client backend' ORDER BY pid"
 pid |  backend_type  | client_addr | state  |                                                            query                                                             
-----+----------------+-------------+--------+------------------------------------------------------------------------------------------------------------------------------
  83 | client backend | 127.0.0.1   | idle   | 
  92 | client backend |             | idle   | 
  99 | client backend |             | active | SELECT pg_sleep(3600)
 115 | client backend |             | active | SELECT pid, backend_type, client_addr, state, query FROM pg_stat_activity WHERE backend_type = 'client backend' ORDER BY pid
(4 rows)

[exit=0]

$ grep -E 'connection (received|authenticated|authorized|ready)' /home/postgres/server.log | head -8
2026-09-26 10:24:03.750 UTC [83] not initialized LOG:  connection received: host=127.0.0.1 port=45092
2026-09-26 10:24:03.751 UTC [83] client backend LOG:  connection authenticated: user="postgres" method=trust (/var/lib/postgresql/data/pg_hba.conf:119)
2026-09-26 10:24:03.751 UTC [83] client backend LOG:  connection authorized: user=postgres database=postgres application_name=psql
2026-09-26 10:24:03.752 UTC [83] client backend LOG:  connection ready: setup total=1.821 ms, fork=0.140 ms, authentication=0.154 ms
2026-09-26 10:24:03.792 UTC [92] not initialized LOG:  connection received: host=[local]
2026-09-26 10:24:03.792 UTC [92] client backend LOG:  connection authenticated: user="postgres" method=trust (/var/lib/postgresql/data/pg_hba.conf:117)
2026-09-26 10:24:03.792 UTC [92] client backend LOG:  connection authorized: user=postgres database=postgres application_name=psql
2026-09-26 10:24:03.792 UTC [92] client backend LOG:  connection ready: setup total=1.050 ms, fork=0.170 ms, authentication=0.089 ms
[exit=0]


######## 4. io worker 수를 재시작 없이 바꾸기

$ psql -X -c "SHOW io_method" -c "SHOW io_workers"
 io_method 
-----------
 worker
(1 row)

 io_workers 
------------
 3
(1 row)

[exit=0]

$ psql -X -q -c "ALTER SYSTEM SET io_workers = 5" -c "SELECT pg_reload_conf()"
$ sleep 1
$ ps -u postgres -o pid,ppid,cmd | grep 'io worker' | grep -v grep
 pg_reload_conf 
----------------
 t
(1 row)

     34      33 postgres: io worker 0
     35      33 postgres: io worker 1
     36      33 postgres: io worker 2
    141      33 postgres: io worker 3
    142      33 postgres: io worker 4
[exit=0]

$ psql -X -q -c "ALTER SYSTEM RESET io_workers" -c "SELECT pg_reload_conf()"
$ sleep 1
$ ps -u postgres -o pid,ppid,cmd | grep 'io worker' | grep -v grep
 pg_reload_conf 
----------------
 t
(1 row)

     34      33 postgres: io worker 0
     35      33 postgres: io worker 1
     36      33 postgres: io worker 2
[exit=0]


######## 5. autovacuum launcher가 worker를 요청하는 모습

$ psql -X -q <<'SQL'
$ ALTER SYSTEM SET autovacuum_naptime = '1s';
$ ALTER SYSTEM SET log_autovacuum_min_duration = 0;
$ SELECT pg_reload_conf();
$ CREATE TABLE av_test AS SELECT g AS id, 0 AS v FROM generate_series(1, 200000) g;
$ UPDATE av_test SET v = 1;
$ SQL
$ for i in $(seq 1 1000); do
$   ps -u postgres -o pid,ppid,cmd | grep 'autovacuum worker' | grep -v grep && break
$   sleep 0.01
$ done
$ sleep 3
$ grep -E 'autovacuum worker LOG:  automatic (vacuum|analyze) of table "postgres.public.av_test"' /home/postgres/server.log | cut -c1-120
 pg_reload_conf 
----------------
 t
(1 row)

    294      33 postgres: autovacuum worker postgres
2026-09-26 10:24:09.034 UTC [294] autovacuum worker LOG:  automatic vacuum of table "postgres.public.av_test": index sca
2026-09-26 10:24:09.079 UTC [294] autovacuum worker LOG:  automatic analyze of table "postgres.public.av_test"
2026-09-26 10:24:10.032 UTC [297] autovacuum worker LOG:  automatic vacuum of table "postgres.public.av_test": index sca
2026-09-26 10:24:11.028 UTC [299] autovacuum worker LOG:  automatic vacuum of table "postgres.public.av_test": index sca
[exit=0]

$ psql -X -q -c "ALTER SYSTEM RESET autovacuum_naptime" -c "ALTER SYSTEM RESET log_autovacuum_min_duration" -c "SELECT pg_reload_conf()"
 pg_reload_conf 
----------------
 t
(1 row)

[exit=0]


######## 6. max_connections를 넘으면: 먼저 fork하고 나중에 거절한다

$ docker exec pglab pkill -f 'sleep 3600'
[exit=0]

$ psql -X -q -c "ALTER SYSTEM SET max_connections = 5" -c "ALTER SYSTEM SET superuser_reserved_connections = 0"
$ pg_ctl -D $PGDATA -l /home/postgres/server.log restart -m fast
waiting for server to shut down.... done
server stopped
waiting for server to start.... done
server started
[exit=0]

$ for i in 1 2 3 4 5; do docker exec -d pglab bash -c 'sleep 3600 | psql -X -q'; done
$ psql -X -c "SELECT 1"
psql: error: connection to server on socket "/tmp/.s.PGSQL.5432" failed: FATAL:  sorry, too many clients already
[exit=2]

$ grep -B1 'too many clients' /home/postgres/server.log
2026-09-26 10:24:14.697 UTC [389] not initialized LOG:  connection received: host=[local]
2026-09-26 10:24:14.697 UTC [389] client backend FATAL:  sorry, too many clients already
[exit=0]

$ docker exec pglab pkill -f 'sleep 3600'
[exit=0]

$ psql -X -q -c "ALTER SYSTEM RESET max_connections" -c "ALTER SYSTEM RESET superuser_reserved_connections"
$ pg_ctl -D $PGDATA -l /home/postgres/server.log restart -m fast
waiting for server to shut down.... done
server stopped
waiting for server to start.... done
server started
[exit=0]


######## 7. 정상 종료(pg_terminate_backend)와 비정상 종료(kill -9)

$ docker exec -d pglab bash -c 'sleep 3600 | psql -X -q'
[exit=0]

$ docker exec -d pglab bash -c 'sleep 3600 | psql -X -q'
[exit=0]

$ docker exec -d pglab bash -c 'psql -X -c "SELECT pg_sleep(3600)" > /home/postgres/neighbor.out 2>&1'
[exit=0]

$ psql -X -q -c "CREATE TABLE t AS SELECT generate_series(1, 1000) AS id"
$ PM=$(head -1 $PGDATA/postmaster.pid); ps -o pid,ppid,cmd --forest -p $PM --ppid $PM
    PID    PPID CMD
    412       1 /usr/local/pgsql/bin/postgres -D /var/lib/postgresql/data
    413     412  \_ postgres: io worker 0
    414     412  \_ postgres: io worker 1
    415     412  \_ postgres: io worker 2
    416     412  \_ postgres: checkpointer 
    417     412  \_ postgres: background writer 
    419     412  \_ postgres: walwriter 
    420     412  \_ postgres: autovacuum launcher 
    421     412  \_ postgres: logical replication launcher 
    430     412  \_ postgres: postgres postgres [local] idle
    439     412  \_ postgres: postgres postgres [local] idle
    447     412  \_ postgres: postgres postgres [local] SELECT
[exit=0]

$ VICTIM=$(pgrep -f 'postgres: postgres postgres \[local\] idle' | head -1)
$ echo "pg_terminate_backend($VICTIM)"
$ psql -X -c "SELECT pg_terminate_backend($VICTIM)"
$ sleep 1
$ PM=$(head -1 $PGDATA/postmaster.pid); ps -o pid,ppid,cmd --forest -p $PM --ppid $PM
$ grep "\[$VICTIM\]" /home/postgres/server.log | tail -2
pg_terminate_backend(430)
 pg_terminate_backend 
----------------------
 t
(1 row)

    PID    PPID CMD
    412       1 /usr/local/pgsql/bin/postgres -D /var/lib/postgresql/data
    413     412  \_ postgres: io worker 0
    414     412  \_ postgres: io worker 1
    415     412  \_ postgres: io worker 2
    416     412  \_ postgres: checkpointer 
    417     412  \_ postgres: background writer 
    419     412  \_ postgres: walwriter 
    420     412  \_ postgres: autovacuum launcher 
    421     412  \_ postgres: logical replication launcher 
    439     412  \_ postgres: postgres postgres [local] idle
    447     412  \_ postgres: postgres postgres [local] SELECT
2026-09-26 10:24:17.448 UTC [430] client backend FATAL:  terminating connection due to administrator command
2026-09-26 10:24:17.448 UTC [430] client backend LOG:  disconnection: session time: 0:00:02.281 user=postgres database=postgres host=[local]
[exit=0]

$ VICTIM=$(pgrep -f 'postgres: postgres postgres \[local\] idle' | head -1)
$ echo "kill -9 $VICTIM"
$ kill -9 $VICTIM
$ sleep 2
$ PM=$(head -1 $PGDATA/postmaster.pid); ps -o pid,ppid,cmd --forest -p $PM --ppid $PM
kill -9 439
    PID    PPID CMD
    412       1 /usr/local/pgsql/bin/postgres -D /var/lib/postgresql/data
    484     412  \_ postgres: io worker 0
    485     412  \_ postgres: io worker 1
    486     412  \_ postgres: io worker 2
    488     412  \_ postgres: checkpointer 
    489     412  \_ postgres: background writer 
    490     412  \_ postgres: walwriter 
    491     412  \_ postgres: autovacuum launcher 
    492     412  \_ postgres: logical replication launcher 
[exit=0]

$ sed -n '/terminated by signal 9/,$p' /home/postgres/server.log
2026-09-26 10:24:18.553 UTC [412] postmaster LOG:  client backend (PID 439) was terminated by signal 9: Killed
2026-09-26 10:24:18.553 UTC [412] postmaster LOG:  terminating any other active server processes
2026-09-26 10:24:18.553 UTC [412] postmaster LOG:  all server processes terminated; reinitializing
2026-09-26 10:24:18.564 UTC [487] startup LOG:  database system was interrupted; last known up at 2026-09-26 10:24:14 UTC
2026-09-26 10:24:18.597 UTC [487] startup LOG:  database system was not properly shut down; automatic recovery in progress
2026-09-26 10:24:18.597 UTC [487] startup LOG:  redo starts at 0/3F9BF38
2026-09-26 10:24:18.600 UTC [487] startup LOG:  invalid record length at 0/3FC3028: expected at least 24, got 0
2026-09-26 10:24:18.600 UTC [487] startup LOG:  redo done at 0/3FC2E90 system usage: CPU: user: 0.00 s, system: 0.00 s, elapsed: 0.00 s
2026-09-26 10:24:18.601 UTC [488] checkpointer LOG:  checkpoint starting: end-of-recovery immediate wait
2026-09-26 10:24:18.605 UTC [488] checkpointer LOG:  checkpoint complete: wrote 22 buffers (0.1%), wrote 3 SLRU buffers; 0 WAL file(s) added, 0 removed, 0 recycled; write=0.001 s, sync=0.003 s, total=0.005 s; sync files=20, longest=0.001 s, average=0.001 s; distance=156 kB, estimate=156 kB; lsn=0/3FC3028, redo lsn=0/3FC3028
2026-09-26 10:24:18.606 UTC [412] postmaster LOG:  database system is ready to accept connections
[exit=0]

$ cat /home/postgres/neighbor.out
WARNING:  terminating connection because of crash of another server process
DETAIL:  The postmaster has commanded this server process to roll back the current transaction and exit, because another server process exited abnormally and possibly corrupted shared memory.
HINT:  In a moment you should be able to reconnect to the database and repeat your command.
server closed the connection unexpectedly
	This probably means the server terminated abnormally
	before or while processing the request.
connection to server was lost
[exit=0]

$ psql -X -c "SELECT count(*) FROM t"
 count 
-------
  1000
(1 row)

[exit=0]


######## 8. 일반 backend가 walsender로 바뀌는 경우

$ docker exec pglab pkill -f 'sleep 3600'
[exit=0]

$ docker exec -d pglab bash -c 'mkdir -p /home/postgres/wal && pg_receivewal -D /home/postgres/wal'
[exit=0]

$ PM=$(head -1 $PGDATA/postmaster.pid); ps -o pid,ppid,cmd --forest -p $PM --ppid $PM
$ ps -o pid,ppid,cmd -C pg_receivewal
    PID    PPID CMD
    412       1 /usr/local/pgsql/bin/postgres -D /var/lib/postgresql/data
    484     412  \_ postgres: io worker 0
    485     412  \_ postgres: io worker 1
    486     412  \_ postgres: io worker 2
    488     412  \_ postgres: checkpointer 
    489     412  \_ postgres: background writer 
    490     412  \_ postgres: walwriter 
    491     412  \_ postgres: autovacuum launcher 
    492     412  \_ postgres: logical replication launcher 
    530     412  \_ postgres: walsender postgres [local] streaming 0/3FCE280
    PID    PPID CMD
    523       0 pg_receivewal -D /home/postgres/wal
[exit=0]

$ WS=$(pgrep -f 'postgres: walsender')
$ grep "\[$WS\]" /home/postgres/server.log
$ psql -X -c "SELECT pid, backend_type, application_name, state FROM pg_stat_activity WHERE backend_type = 'walsender'"
2026-09-26 10:24:20.908 UTC [530] not initialized LOG:  connection received: host=[local]
2026-09-26 10:24:20.909 UTC [530] walsender LOG:  connection authenticated: user="postgres" method=trust (/var/lib/postgresql/data/pg_hba.conf:124)
2026-09-26 10:24:20.909 UTC [530] walsender LOG:  replication connection authorized: user=postgres application_name=pg_receivewal
2026-09-26 10:24:20.909 UTC [530] walsender LOG:  connection ready: setup total=1.240 ms, fork=0.149 ms, authentication=0.218 ms
 pid | backend_type | application_name | state  
-----+--------------+------------------+--------
 530 | walsender    | pg_receivewal    | active
(1 row)

[exit=0]

$ docker exec pglab pkill pg_receivewal
[exit=0]


######## 9. 공유 메모리는 모든 프로세스에 같은 주소로 붙어 있다

$ psql -X -c "SHOW shared_buffers" -c "SHOW shared_memory_size" -c "SHOW shared_memory_type"
 shared_buffers 
----------------
 128MB
(1 row)

 shared_memory_size 
--------------------
 150MB
(1 row)

 shared_memory_type 
--------------------
 mmap
(1 row)

[exit=0]

$ psql -X -q -c "CREATE TABLE big AS SELECT g AS id, repeat('x', 100) AS pad FROM generate_series(1, 150000) g"
$ psql -X -c "SELECT pg_size_pretty(pg_relation_size('big'))"
 pg_size_pretty 
----------------
 21 MB
(1 row)

[exit=0]

$ docker exec -d pglab bash -c '(echo "SELECT count(*) FROM big;"; sleep 3600) | psql -X -q > /dev/null'
[exit=0]

$ docker exec -d pglab bash -c 'sleep 3600 | psql -X -q'
[exit=0]

$ PM=$(head -1 $PGDATA/postmaster.pid)
$ for p in $PM $(pgrep -f 'postgres: postgres postgres \[local\] idle'); do
$   echo "== PID $p  $(ps -o cmd= -p $p)"
$   grep ' rw-s ' /proc/$p/maps | awk '{print "   ", $1, $6, $7}'
$ done
== PID 412  /usr/local/pgsql/bin/postgres -D /var/lib/postgresql/data
    ffffaf5e3000-ffffaf5eb000 /dev/shm/PostgreSQL.1630556078 
    ffffaf5eb000-ffffaf5ec000 /SYSV00137e8a (deleted)
    ffffaf5ec000-ffffb8b9e000 /dev/zero (deleted)
== PID 583  postgres: postgres postgres [local] idle
    ffffaf450000-ffffaf481000 /dev/shm/PostgreSQL.3330517350 
    ffffaf4c2000-ffffaf5c2000 /dev/shm/PostgreSQL.3445492072 
    ffffaf5e3000-ffffaf5eb000 /dev/shm/PostgreSQL.1630556078 
    ffffaf5eb000-ffffaf5ec000 /SYSV00137e8a (deleted)
    ffffaf5ec000-ffffb8b9e000 /dev/zero (deleted)
== PID 593  postgres: postgres postgres [local] idle
    ffffaf4c2000-ffffaf5c2000 /dev/shm/PostgreSQL.3445492072 
    ffffaf5e3000-ffffaf5eb000 /dev/shm/PostgreSQL.1630556078 
    ffffaf5eb000-ffffaf5ec000 /SYSV00137e8a (deleted)
    ffffaf5ec000-ffffb8b9e000 /dev/zero (deleted)
[exit=0]

$ PM=$(head -1 $PGDATA/postmaster.pid)
$ for p in $PM $(pgrep -f 'postgres: postgres postgres \[local\] idle'); do
$   echo "== PID $p  $(ps -o cmd= -p $p)"
$   grep -E '^(VmRSS|RssAnon|RssShmem)' /proc/$p/status
$ done
== PID 412  /usr/local/pgsql/bin/postgres -D /var/lib/postgresql/data
VmRSS:	   22336 kB
RssAnon:	     796 kB
RssShmem:	   13372 kB
== PID 583  postgres: postgres postgres [local] idle
VmRSS:	   34524 kB
RssAnon:	    1848 kB
RssShmem:	   24520 kB
== PID 593  postgres: postgres postgres [local] idle
VmRSS:	   11388 kB
RssAnon:	    1616 kB
RssShmem:	    3280 kB
[exit=0]


######## 10. 설정에 따라 생기는 프로세스: logger, archiver

$ docker exec pglab pkill -f 'sleep 3600'
[exit=0]

$ mkdir -p /home/postgres/archive
$ psql -X -q <<'SQL'
$ ALTER SYSTEM SET logging_collector = on;
$ ALTER SYSTEM SET archive_mode = on;
$ ALTER SYSTEM SET archive_command = 'cp %p /home/postgres/archive/%f';
$ SQL
$ pg_ctl -D $PGDATA -l /home/postgres/server.log restart -m fast
$ sleep 1
$ PM=$(head -1 $PGDATA/postmaster.pid); ps -o pid,ppid,cmd --forest -p $PM --ppid $PM
waiting for server to shut down.... done
server stopped
waiting for server to start.... done
server started
    PID    PPID CMD
    641       1 /usr/local/pgsql/bin/postgres -D /var/lib/postgresql/data
    642     641  \_ postgres: logger 
    643     641  \_ postgres: io worker 0
    644     641  \_ postgres: io worker 1
    645     641  \_ postgres: io worker 2
    646     641  \_ postgres: checkpointer 
    647     641  \_ postgres: background writer 
    649     641  \_ postgres: walwriter 
    650     641  \_ postgres: autovacuum launcher 
    651     641  \_ postgres: archiver 
    652     641  \_ postgres: logical replication launcher 
[exit=0]

$ psql -X -c "SELECT pid, backend_type FROM pg_stat_activity ORDER BY pid"
 pid |         backend_type         
-----+------------------------------
 643 | io worker
 644 | io worker
 645 | io worker
 646 | checkpointer
 647 | background writer
 649 | walwriter
 650 | autovacuum launcher
 651 | archiver
 652 | logical replication launcher
 663 | client backend
(10 rows)

[exit=0]


######## 11. postmaster가 죽으면

$ PM=$(head -1 $PGDATA/postmaster.pid)
$ echo "kill -9 $PM (postmaster)"
$ kill -9 $PM
$ sleep 2
$ ps -u postgres -o pid,ppid,stat,cmd | grep -v -e 'ps -u' -e 'sleep infinity'
kill -9 641 (postmaster)
    PID    PPID STAT CMD
    664       0 Ss   bash -s
[exit=0]

$ psql -X -c "SELECT 1"
psql: error: connection to server on socket "/tmp/.s.PGSQL.5432" failed: Connection refused
	Is the server running locally and accepting connections on that socket?
[exit=2]

$ pg_ctl -D $PGDATA -l /home/postgres/server.log start
$ sleep 1
$ tail -n 8 $PGDATA/log/$(ls -t $PGDATA/log | head -1)
pg_ctl: another server might be running; trying to start server anyway
waiting for server to start.... done
server started
2026-09-26 10:24:29.194 UTC [689] postmaster LOG:  listening on Unix socket "/tmp/.s.PGSQL.5432"
2026-09-26 10:24:29.196 UTC [696] startup LOG:  database system was interrupted; last known up at 2026-09-26 10:24:25 UTC
2026-09-26 10:24:29.222 UTC [696] startup LOG:  database system was not properly shut down; automatic recovery in progress
2026-09-26 10:24:29.223 UTC [696] startup LOG:  unexpected pageaddr 0/26EA000 in WAL segment 000000010000000000000005, LSN 0/56EA000, offset 7249920
2026-09-26 10:24:29.223 UTC [696] startup LOG:  redo is not required
2026-09-26 10:24:29.225 UTC [694] checkpointer LOG:  checkpoint starting: end-of-recovery immediate wait
2026-09-26 10:24:29.229 UTC [694] checkpointer LOG:  checkpoint complete: wrote 0 buffers (0.0%), wrote 3 SLRU buffers; 0 WAL file(s) added, 0 removed, 0 recycled; write=0.001 s, sync=0.001 s, total=0.005 s; sync files=2, longest=0.001 s, average=0.001 s; distance=6 kB, estimate=6 kB; lsn=0/56EA048, redo lsn=0/56EA048
2026-09-26 10:24:29.230 UTC [689] postmaster LOG:  database system is ready to accept connections
[exit=0]

done
