
######## 0. --init 없이 컨테이너 띄우기

$ docker run -d --name pglab-noinit --hostname pglab-noinit pg-internals:rocky9-rel18 sleep infinity
a80370cde40b8dc02e7c5a99e386738b8a0c47a52acc80383aa52b855166a980
[exit=0]

$ initdb -D $PGDATA > /home/postgres/initdb.log 2>&1 && echo "initdb ok"
$ pg_ctl -D $PGDATA -l /home/postgres/server.log start
$ psql -X -q -c "ALTER SYSTEM SET log_line_prefix = '%m [%p] %b '" -c "SELECT pg_reload_conf()" > /dev/null
initdb ok
waiting for server to start.... done
server started
[exit=0]


######## 1. postmaster를 kill -9

$ PM=$(head -1 $PGDATA/postmaster.pid)
$ echo "kill -9 $PM (postmaster)"
$ kill -9 $PM
$ sleep 2
$ ps -eo pid,ppid,stat,cmd | grep -v -e 'ps -eo' -e grep
kill -9 26 (postmaster)
    PID    PPID STAT CMD
      1       0 Ss   /usr/bin/coreutils --coreutils-prog-shebang=sleep /usr/bin/sleep infinity
     26       1 Zs   [postgres] <defunct>
     27       1 Zs   [postgres] <defunct>
     28       1 Zs   [postgres] <defunct>
     29       1 Zs   [postgres] <defunct>
     30       1 Zs   [postgres] <defunct>
     31       1 Zs   [postgres] <defunct>
     33       1 Zs   [postgres] <defunct>
     34       1 Zs   [postgres] <defunct>
     35       1 Zs   [postgres] <defunct>
     38       0 Ss   bash -s
[exit=0]


######## 2. 재기동

$ pg_ctl -D $PGDATA -l /home/postgres/server.log start
$ sleep 1
$ tail -n 3 /home/postgres/server.log
pg_ctl: another server might be running; trying to start server anyway
waiting for server to start....pg_ctl: could not start server
Examine the log output.
 stopped waiting
2026-09-26 10:12:10.068 UTC [26] postmaster LOG:  parameter "log_line_prefix" changed to "%m [%p] %b "
2026-09-26 10:12:12.213 UTC [56] postmaster FATAL:  lock file "postmaster.pid" already exists
2026-09-26 10:12:12.213 UTC [56] postmaster HINT:  Is another postmaster (PID 26) running in data directory "/var/lib/postgresql/data"?
[exit=0]

