
######## 0. 실습 환경

$ docker run -d --init --cap-add SYS_PTRACE --name pglab-ext --hostname pglab-ext pg-internals:rocky9-rel18-strace sleep infinity
5b0287d3180051aa778e474cb20ccdf13ca0f956d1802062798b8c99b8a528a3
[exit=0]

$ cat /etc/rocky-release
$ postgres --version
$ gcc --version | head -1
$ initdb -D $PGDATA > /home/postgres/initdb.log 2>&1 && echo "initdb ok"
Rocky Linux release 9.8 (Blue Onyx)
postgres (PostgreSQL) 18.6
gcc (GCC) 11.5.0 20240719 (Red Hat 11.5.0-14)
initdb ok
[exit=0]

$ docker cp src/. pglab-ext:/home/postgres/lab && docker cp postgres17-src.tar.gz pglab-ext:/tmp/postgres17-src.tar.gz
[exit=0]

# (root) chown -R postgres:postgres /home/postgres/lab
# (root) strace -V | head -1
strace -- version 6.12
[exit=0]


######## 1. demo_ext 빌드와 심볼 표

$ cd ~/lab/demo_ext
$ make
$ file demo_ext.so
$ nm -D --defined-only demo_ext.so
$ nm -D --undefined-only demo_ext.so
$ ldd demo_ext.so
gcc -Wall -Wmissing-prototypes -Wpointer-arith -Wdeclaration-after-statement -Werror=vla -Wendif-labels -Wmissing-format-attribute -Wimplicit-fallthrough=3 -Wcast-function-type -Wshadow=compatible-local -Wformat-security -fno-strict-aliasing -fwrapv -fexcess-precision=standard -Wno-format-truncation -Wno-stringop-truncation -O2 -fPIC -fvisibility=hidden -I. -I./ -I/usr/local/pgsql/include/server -I/usr/local/pgsql/include/internal -D_GNU_SOURCE      -c -o demo_ext.o demo_ext.c
gcc -Wall -Wmissing-prototypes -Wpointer-arith -Wdeclaration-after-statement -Werror=vla -Wendif-labels -Wmissing-format-attribute -Wimplicit-fallthrough=3 -Wcast-function-type -Wshadow=compatible-local -Wformat-security -fno-strict-aliasing -fwrapv -fexcess-precision=standard -Wno-format-truncation -Wno-stringop-truncation -O2 -fPIC -fvisibility=hidden demo_ext.o -L/usr/local/pgsql/lib   -Wl,--as-needed -Wl,-rpath,'/usr/local/pgsql/lib',--enable-new-dtags -fvisibility=hidden -shared -o demo_ext.so
demo_ext.so: ELF 64-bit LSB shared object, ARM aarch64, version 1 (SYSV), dynamically linked, BuildID[sha1]=020d9238e238d042536254e28e669018b6045b7c, not stripped
0000000000000ed0 T Pg_magic_func
0000000000000ee0 T _PG_init
0000000000001030 T demo_add
0000000000001054 T demo_build
0000000000001100 T demo_crash
0000000000001070 T demo_local_count
0000000000001090 T demo_shared_count
0000000000001020 T pg_finfo_demo_add
0000000000001044 T pg_finfo_demo_build
00000000000010f0 T pg_finfo_demo_crash
0000000000001060 T pg_finfo_demo_local_count
0000000000001080 T pg_finfo_demo_shared_count
                 U DefineCustomBoolVariable
                 U ExecutorEnd_hook
                 U MarkGUCPrefixReserved
                 U RequestAddinShmemSpace
                 U ShmemInitStruct
                 w _ITM_deregisterTMCloneTable
                 w _ITM_registerTMCloneTable
                 w __cxa_finalize@GLIBC_2.17
                 U __getauxval@GLIBC_2.17
                 w __gmon_start__
                 U cstring_to_text
                 U errcode
                 U errfinish
                 U errmsg
                 U errmsg_internal
                 U errstart
                 U errstart_cold
                 U getpid@GLIBC_2.17
                 U process_shared_preload_libraries_in_progress
                 U shmem_request_hook
                 U shmem_startup_hook
                 U standard_ExecutorEnd
	linux-vdso.so.1 (0x0000ffffbe987000)
	libc.so.6 => /lib64/libc.so.6 (0x0000ffffbe771000)
	/lib/ld-linux-aarch64.so.1 (0x0000ffffbe940000)
[exit=0]


######## 2. postgres 실행 파일이 내보내는 심볼

$ grep -E "^(LDFLAGS_EX_BE|CFLAGS_SL|CFLAGS_SL_MODULE|DLSUFFIX) " $(pg_config --pgxs | sed "s#makefiles/pgxs.mk#Makefile.global#")
$ file /usr/local/pgsql/bin/postgres
$ nm -D --defined-only /usr/local/pgsql/bin/postgres | wc -l
$ nm -D --defined-only /usr/local/pgsql/bin/postgres | grep -wE "cstring_to_text|errstart|ExecutorEnd_hook|ShmemInitStruct|standard_ExecutorEnd|shmem_request_hook|process_shared_preload_libraries_in_progress"
CFLAGS_SL = -fPIC
CFLAGS_SL_MODULE =  -fvisibility=hidden
LDFLAGS_EX_BE =  -Wl,--export-dynamic
DLSUFFIX = .so
/usr/local/pgsql/bin/postgres: ELF 64-bit LSB executable, ARM aarch64, version 1 (SYSV), dynamically linked, interpreter /lib/ld-linux-aarch64.so.1, BuildID[sha1]=3d22e6ab74ef3e8fef765df94a7bc8b94a5693eb, for GNU/Linux 3.7.0, not stripped
11192
0000000000d0bd78 B ExecutorEnd_hook
0000000000809b30 T ShmemInitStruct
00000000009461d4 T cstring_to_text
000000000096f660 T errstart
0000000000d26760 B process_shared_preload_libraries_in_progress
0000000000d26790 B shmem_request_hook
0000000000670870 T standard_ExecutorEnd
[exit=0]


######## 3. PostgreSQL 밖에서 dlopen

$ cd ~/lab
$ cat dltest.c
$ gcc -o dltest dltest.c
$ ./dltest ./demo_ext/demo_ext.so
$ ./dltest /usr/local/pgsql/lib/pg_stat_statements.so
#include <dlfcn.h>
#include <stdio.h>

int
main(int argc, char **argv)
{
	void	   *h = dlopen(argv[1], RTLD_NOW | RTLD_GLOBAL);

	if (h == NULL)
	{
		printf("dlopen failed: %s\n", dlerror());
		return 1;
	}
	printf("dlopen ok\n");
	return 0;
}
dlopen failed: ./demo_ext/demo_ext.so: undefined symbol: ExecutorEnd_hook
dlopen failed: /usr/local/pgsql/lib/pg_stat_statements.so: undefined symbol: post_parse_analyze_hook
[exit=1]


######## 4. extension 파일과 설치

$ pg_config --version --pkglibdir --sharedir --includedir-server --pgxs
$ cd ~/lab/demo_ext
$ cat demo_ext.control
$ cat demo_ext--1.0.sql
$ cat Makefile
$ cat demo_ext--1.0--1.1.sql
PostgreSQL 18.6
/usr/local/pgsql/lib
/usr/local/pgsql/share
/usr/local/pgsql/include/server
/usr/local/pgsql/lib/pgxs/src/makefiles/pgxs.mk
# demo_ext extension
comment = 'demo extension for extension internals'
default_version = '1.0'
module_pathname = '$libdir/demo_ext'
relocatable = true
\echo Use "CREATE EXTENSION demo_ext" to load this file. \quit

CREATE FUNCTION demo_add(integer, integer) RETURNS integer
AS 'MODULE_PATHNAME', 'demo_add'
LANGUAGE C STRICT IMMUTABLE;

CREATE FUNCTION demo_build() RETURNS text
AS 'MODULE_PATHNAME', 'demo_build'
LANGUAGE C STRICT;

CREATE FUNCTION demo_local_count() RETURNS bigint
AS 'MODULE_PATHNAME', 'demo_local_count'
LANGUAGE C STRICT;

CREATE FUNCTION demo_shared_count() RETURNS bigint
AS 'MODULE_PATHNAME', 'demo_shared_count'
LANGUAGE C STRICT;

CREATE TABLE demo_note (id int PRIMARY KEY, note text);
SELECT pg_catalog.pg_extension_config_dump('demo_note', '');
MODULES = demo_ext
EXTENSION = demo_ext
DATA = demo_ext--1.0.sql

PG_CONFIG = pg_config
PGXS := $(shell $(PG_CONFIG) --pgxs)
include $(PGXS)
\echo Use "ALTER EXTENSION demo_ext UPDATE TO '1.1'" to load this file. \quit

CREATE FUNCTION demo_sub(integer, integer) RETURNS integer
AS 'MODULE_PATHNAME', 'demo_sub'
LANGUAGE C STRICT IMMUTABLE;
[exit=0]

# (root) cd /home/postgres/lab/demo_ext && make install
/usr/bin/mkdir -p '/usr/local/pgsql/share/extension'
/usr/bin/mkdir -p '/usr/local/pgsql/share/extension'
/usr/bin/mkdir -p '/usr/local/pgsql/lib'
/usr/bin/install -c -m 644 .//demo_ext.control '/usr/local/pgsql/share/extension/'
/usr/bin/install -c -m 644 .//demo_ext--1.0.sql  '/usr/local/pgsql/share/extension/'
/usr/bin/install -c -m 755  demo_ext.so '/usr/local/pgsql/lib/'
[exit=0]

$ pg_ctl -D $PGDATA -l /home/postgres/server.log start
waiting for server to start.... done
server started
[exit=0]


######## 5. CREATE EXTENSION 전 상태 (세션 A)

# 세션 A 시작: psql -X application_name=sessA

[세션 A] $ SELECT pg_backend_pid();
 pg_backend_pid 
----------------
            165
(1 row)


[세션 A] $ SELECT name, default_version, installed_version, comment FROM pg_available_extensions WHERE name IN ('demo_ext', 'pg_stat_statements', 'pgcrypto') ORDER BY name;
        name        | default_version | installed_version |                                comment                                 
--------------------+-----------------+-------------------+------------------------------------------------------------------------
 demo_ext           | 1.0             |                   | demo extension for extension internals
 pg_stat_statements | 1.12            |                   | track planning and execution statistics of all SQL statements executed
(2 rows)


[세션 A] $ SELECT count(*) AS mapped FROM regexp_split_to_table(pg_read_file('/proc/self/maps'), E'\n') AS l WHERE l LIKE '%demo_ext%';
 mapped 
--------
      0
(1 row)


[세션 A] $ SELECT * FROM pg_get_loaded_modules();
 module_name | version | file_name 
-------------+---------+-----------
(0 rows)



######## 6. strace로 보는 CREATE EXTENSION

# (root) strace -p 165 -f -tt -e trace=openat,read,mmap,mprotect,close -o /tmp/create_ext.strace > /dev/null 2>&1 &
# (root) echo $! > /tmp/strace.pid
# (root) sleep 1
[exit=0]

[세션 A] $ CREATE EXTENSION demo_ext;
CREATE EXTENSION

# (root) kill $(cat /tmp/strace.pid); sleep 0.5
# (root) wc -l < /tmp/create_ext.strace
# (root) cat /tmp/create_ext.strace
67
165   11:01:47.363681 openat(AT_FDCWD, "base/5/3467", O_RDWR|O_CLOEXEC) = 58
165   11:01:47.364224 openat(AT_FDCWD, "/usr/local/pgsql/share/extension/demo_ext.control", O_RDONLY) = 59
165   11:01:47.364503 read(59, "# demo_ext extension\ncomment = '"..., 8192) = 152
165   11:01:47.364633 read(59, "", 4096) = 0
165   11:01:47.364733 read(59, "", 8192) = 0
165   11:01:47.364826 close(59)         = 0
165   11:01:47.365033 openat(AT_FDCWD, "/usr/local/pgsql/share/extension/demo_ext--1.0.control", O_RDONLY) = -1 ENOENT (No such file or directory)
165   11:01:47.365205 openat(AT_FDCWD, "base/5/2685", O_RDWR|O_CLOEXEC) = 59
165   11:01:47.365644 openat(AT_FDCWD, "base/5/3079_fsm", O_RDWR|O_CLOEXEC) = 60
165   11:01:47.366096 openat(AT_FDCWD, "base/5/3079_vm", O_RDWR|O_CLOEXEC) = 61
165   11:01:47.366485 openat(AT_FDCWD, "base/5/2608_fsm", O_RDWR|O_CLOEXEC) = 62
165   11:01:47.366951 openat(AT_FDCWD, "base/5/2608", O_RDWR|O_CLOEXEC) = 63
165   11:01:47.367242 openat(AT_FDCWD, "base/5/2608_vm", O_RDWR|O_CLOEXEC) = 64
165   11:01:47.367545 openat(AT_FDCWD, "base/5/2673", O_RDWR|O_CLOEXEC) = 65
165   11:01:47.367933 openat(AT_FDCWD, "base/5/2674", O_RDWR|O_CLOEXEC) = 66
165   11:01:47.368393 openat(AT_FDCWD, "base/5/2675", O_RDWR|O_CLOEXEC) = 67
165   11:01:47.368776 openat(AT_FDCWD, "base/5/2609_fsm", O_RDWR|O_CLOEXEC) = 68
165   11:01:47.369201 openat(AT_FDCWD, "base/5/2609", O_RDWR|O_CLOEXEC) = 69
165   11:01:47.369468 openat(AT_FDCWD, "base/5/2609_vm", O_RDWR|O_CLOEXEC) = 70
165   11:01:47.369823 openat(AT_FDCWD, "/usr/local/pgsql/share/extension/demo_ext--1.0.sql", O_RDONLY) = 71
165   11:01:47.370011 read(71, "\\echo Use \"CREATE EXTENSION demo"..., 4096) = 624
165   11:01:47.370102 close(71)         = 0
165   11:01:47.370290 openat(AT_FDCWD, "base/5/2681", O_RDWR|O_CLOEXEC) = 71
165   11:01:47.370578 openat(AT_FDCWD, "base/5/2612", O_RDWR|O_CLOEXEC) = 72
165   11:01:47.370973 openat(AT_FDCWD, "base/5/827", O_RDWR|O_CLOEXEC) = 73
165   11:01:47.371182 openat(AT_FDCWD, "base/5/1255_fsm", O_RDWR|O_CLOEXEC) = 74
165   11:01:47.371705 openat(AT_FDCWD, "base/5/1255_vm", O_RDWR|O_CLOEXEC) = 75
165   11:01:47.372210 openat(AT_FDCWD, "base/5/2682", O_RDWR|O_CLOEXEC) = 76
165   11:01:47.372780 openat(AT_FDCWD, "/usr/local/pgsql/lib/demo_ext.so", O_RDONLY|O_CLOEXEC) = 77
165   11:01:47.372893 read(77, "\177ELF\2\1\1\0\0\0\0\0\0\0\0\0\3\0\267\0\1\0\0\0\200\f\0\0\0\0\0\0"..., 832) = 832
165   11:01:47.373063 mmap(NULL, 131264, PROT_READ|PROT_EXEC, MAP_PRIVATE|MAP_DENYWRITE, 77, 0) = 0xffffaa30c000
165   11:01:47.373166 mprotect(0xffffaa30e000, 118784, PROT_NONE) = 0
165   11:01:47.373269 mmap(0xffffaa32b000, 8192, PROT_READ|PROT_WRITE, MAP_PRIVATE|MAP_FIXED|MAP_DENYWRITE, 77, 0xf000) = 0xffffaa32b000
165   11:01:47.373378 close(77)         = 0
165   11:01:47.373498 mprotect(0xffffaa32b000, 4096, PROT_READ) = 0
165   11:01:47.374790 openat(AT_FDCWD, "base/5/16389", O_RDWR|O_CREAT|O_EXCL|O_CLOEXEC, 0600) = 77
165   11:01:47.374924 close(77)         = 0
165   11:01:47.375124 openat(AT_FDCWD, "base/5/1247_fsm", O_RDWR|O_CLOEXEC) = 77
165   11:01:47.375723 openat(AT_FDCWD, "base/5/1247_vm", O_RDWR|O_CLOEXEC) = 78
165   11:01:47.376244 openat(AT_FDCWD, "base/5/1259_fsm", O_RDWR|O_CLOEXEC) = 79
165   11:01:47.376631 openat(AT_FDCWD, "base/5/1259_vm", O_RDWR|O_CLOEXEC) = 80
165   11:01:47.376849 openat(AT_FDCWD, "base/5/3455", O_RDWR|O_CLOEXEC) = 81
165   11:01:47.377091 openat(AT_FDCWD, "base/5/1249_fsm", O_RDWR|O_CLOEXEC) = 82
165   11:01:47.377451 openat(AT_FDCWD, "base/5/1249_vm", O_RDWR|O_CLOEXEC) = 83
165   11:01:47.377680 openat(AT_FDCWD, "base/5/2658", O_RDWR|O_CLOEXEC) = 84
165   11:01:47.378258 openat(AT_FDCWD, "base/5/2664", O_RDWR|O_CLOEXEC) = 85
165   11:01:47.378567 openat(AT_FDCWD, "base/5/2667", O_RDWR|O_CLOEXEC) = 86
165   11:01:47.378816 openat(AT_FDCWD, "base/5/2606_fsm", O_RDWR|O_CLOEXEC) = 87
165   11:01:47.379314 openat(AT_FDCWD, "base/5/2606_vm", O_RDWR|O_CLOEXEC) = 88
165   11:01:47.379537 openat(AT_FDCWD, "base/5/2579", O_RDWR|O_CLOEXEC) = 89
165   11:01:47.379762 openat(AT_FDCWD, "base/5/2666", O_RDWR|O_CLOEXEC) = 90
165   11:01:47.380252 openat(AT_FDCWD, "base/5/16393", O_RDWR|O_CREAT|O_EXCL|O_CLOEXEC, 0600) = 91
165   11:01:47.380370 close(91)         = 0
165   11:01:47.380633 openat(AT_FDCWD, "base/5/16394", O_RDWR|O_CREAT|O_EXCL|O_CLOEXEC, 0600) = 91
165   11:01:47.381296 openat(AT_FDCWD, "base/5/2610_fsm", O_RDWR|O_CLOEXEC) = 92
165   11:01:47.381645 openat(AT_FDCWD, "base/5/2610_vm", O_RDWR|O_CLOEXEC) = 93
165   11:01:47.381889 openat(AT_FDCWD, "base/5/16393", O_RDWR|O_CLOEXEC) = 94
165   11:01:47.382325 mmap(NULL, 266240, PROT_READ|PROT_WRITE, MAP_PRIVATE|MAP_ANONYMOUS, -1, 0) = 0xffffaa2cb000
165   11:01:47.382603 openat(AT_FDCWD, "base/5/16394.1", O_RDWR|O_CLOEXEC) = -1 ENOENT (No such file or directory)
165   11:01:47.382697 close(94)         = 0
165   11:01:47.382835 close(91)         = 0
165   11:01:47.383250 openat(AT_FDCWD, "base/5/16395", O_RDWR|O_CREAT|O_EXCL|O_CLOEXEC, 0600) = 91
165   11:01:47.383397 openat(AT_FDCWD, "base/5/16389", O_RDWR|O_CLOEXEC) = 94
165   11:01:47.383837 openat(AT_FDCWD, "base/5/16395.1", O_RDWR|O_CLOEXEC) = -1 ENOENT (No such file or directory)
165   11:01:47.383938 close(94)         = 0
165   11:01:47.384091 close(91)         = 0
165   11:01:47.384251 openat(AT_FDCWD, "pg_wal/000000010000000000000001", O_RDWR|O_CLOEXEC) = 91
[exit=0]

$ psql -X -c "SELECT pg_relation_filenode(c.oid) AS filenode, c.relname FROM pg_class c WHERE pg_relation_filenode(c.oid) IN (3079, 1255, 2608, 1259, 1247) ORDER BY 1;"
$ cat /home/postgres/server.log
 filenode |   relname    
----------+--------------
     1247 | pg_type
     1255 | pg_proc
     1259 | pg_class
     2608 | pg_depend
     3079 | pg_extension
(5 rows)

2026-09-26 11:01:40.145 UTC [141] LOG:  starting PostgreSQL 18.6 on aarch64-unknown-linux-gnu, compiled by gcc (GCC) 11.5.0 20240719 (Red Hat 11.5.0-14), 64-bit
2026-09-26 11:01:40.146 UTC [141] LOG:  listening on IPv6 address "::1", port 5432
2026-09-26 11:01:40.146 UTC [141] LOG:  listening on IPv4 address "127.0.0.1", port 5432
2026-09-26 11:01:40.146 UTC [141] LOG:  listening on Unix socket "/tmp/.s.PGSQL.5432"
2026-09-26 11:01:40.148 UTC [147] LOG:  database system was shut down at 2026-09-26 11:01:38 UTC
2026-09-26 11:01:40.149 UTC [141] LOG:  database system is ready to accept connections
2026-09-26 11:01:47.373 UTC [165] LOG:  demo_ext 1.0: _PG_init in pid 165 (shared_preload_libraries: no)
2026-09-26 11:01:47.373 UTC [165] CONTEXT:  SQL statement "CREATE FUNCTION demo_add(integer, integer) RETURNS integer
	AS '$libdir/demo_ext', 'demo_add'
	LANGUAGE C STRICT IMMUTABLE"
	extension script file "demo_ext--1.0.sql", near line 3
2026-09-26 11:01:47.373 UTC [165] STATEMENT:  CREATE EXTENSION demo_ext;
[exit=0]


######## 7. CREATE EXTENSION 뒤의 매핑과 카탈로그

[세션 A] $ SELECT l FROM regexp_split_to_table(pg_read_file('/proc/self/maps'), E'\n') AS l WHERE l LIKE '%demo_ext.so%';
                                                     l                                                     
-----------------------------------------------------------------------------------------------------------
 ffffaa30c000-ffffaa30e000 r-xp 00000000 00:49 1306724                    /usr/local/pgsql/lib/demo_ext.so
 ffffaa30e000-ffffaa32b000 ---p 00002000 00:49 1306724                    /usr/local/pgsql/lib/demo_ext.so
 ffffaa32b000-ffffaa32c000 r--p 0000f000 00:49 1306724                    /usr/local/pgsql/lib/demo_ext.so
 ffffaa32c000-ffffaa32d000 rw-p 00010000 00:49 1306724                    /usr/local/pgsql/lib/demo_ext.so
(4 rows)


[세션 A] $ SELECT * FROM pg_get_loaded_modules();
 module_name | version |  file_name  
-------------+---------+-------------
 demo_ext    | 1.0     | demo_ext.so
(1 row)


[세션 A] $ SELECT oid, extname, extversion, extrelocatable, extnamespace::regnamespace, extconfig::regclass[] FROM pg_extension;
  oid  | extname  | extversion | extrelocatable | extnamespace |  extconfig  
-------+----------+------------+----------------+--------------+-------------
 13554 | plpgsql  | 1.0        | f              | pg_catalog   | 
 16384 | demo_ext | 1.0        | t              | public       | {demo_note}
(2 rows)


[세션 A] $ SELECT proname, (SELECT lanname FROM pg_language WHERE oid = prolang) AS lang, probin, prosrc FROM pg_proc WHERE proname IN ('demo_add', 'demo_build', 'demo_local_count', 'demo_shared_count') ORDER BY proname;
      proname      | lang |      probin      |      prosrc       
-------------------+------+------------------+-------------------
 demo_add          | c    | $libdir/demo_ext | demo_add
 demo_build        | c    | $libdir/demo_ext | demo_build
 demo_local_count  | c    | $libdir/demo_ext | demo_local_count
 demo_shared_count | c    | $libdir/demo_ext | demo_shared_count
(4 rows)


[세션 A] $ SELECT classid::regclass, pg_describe_object(classid, objid, objsubid) AS member, deptype FROM pg_depend WHERE refclassid = 'pg_extension'::regclass AND refobjid = (SELECT oid FROM pg_extension WHERE extname = 'demo_ext') ORDER BY 1, 2;
 classid  |               member               | deptype 
----------+------------------------------------+---------
 pg_type  | type demo_note                     | e
 pg_type  | type demo_note[]                   | e
 pg_proc  | function demo_add(integer,integer) | e
 pg_proc  | function demo_build()              | e
 pg_proc  | function demo_local_count()        | e
 pg_proc  | function demo_shared_count()       | e
 pg_class | table demo_note                    | e
(7 rows)



######## 8. 라이브러리를 올리다 실패하는 경우

# (root) mkdir -p /usr/src/postgres17 && tar -xzf /tmp/postgres17-src.tar.gz -C /usr/src/postgres17
# (root) cd /usr/src/postgres17
# (root) ./configure --prefix=/usr/local/pgsql17 > /tmp/configure17.log 2>&1 && make -j"$(nproc)" > /tmp/make17.log 2>&1 && make install > /tmp/install17.log 2>&1 && echo "PostgreSQL 17 build ok"
# (root) /usr/local/pgsql17/bin/pg_config --version
PostgreSQL 17 build ok
PostgreSQL 17.11
[exit=0]

$ cd ~/lab
$ make -C nomagic
$ nm -D --defined-only nomagic/nomagic.so
$ make -C abi17 PG_CONFIG=/usr/local/pgsql17/bin/pg_config
$ nm -D --defined-only abi17/abi_demo.so
$ psql -X <<'SQL'
$ CREATE FUNCTION nomagic_one() RETURNS int AS '/home/postgres/lab/nomagic/nomagic.so', 'nomagic_one' LANGUAGE C;
$ CREATE FUNCTION abi_demo_one() RETURNS int AS '/home/postgres/lab/abi17/abi_demo.so', 'abi_demo_one' LANGUAGE C;
$ CREATE FUNCTION demo_nosuch() RETURNS int AS '$libdir/demo_ext', 'demo_nosuch' LANGUAGE C;
$ CREATE FUNCTION demo_nolib() RETURNS int AS '$libdir/demo_extx', 'demo_add' LANGUAGE C;
$ SQL
make: Entering directory '/home/postgres/lab/nomagic'
gcc -Wall -Wmissing-prototypes -Wpointer-arith -Wdeclaration-after-statement -Werror=vla -Wendif-labels -Wmissing-format-attribute -Wimplicit-fallthrough=3 -Wcast-function-type -Wshadow=compatible-local -Wformat-security -fno-strict-aliasing -fwrapv -fexcess-precision=standard -Wno-format-truncation -Wno-stringop-truncation -O2 -fPIC -fvisibility=hidden -I. -I./ -I/usr/local/pgsql/include/server -I/usr/local/pgsql/include/internal -D_GNU_SOURCE      -c -o nomagic.o nomagic.c
gcc -Wall -Wmissing-prototypes -Wpointer-arith -Wdeclaration-after-statement -Werror=vla -Wendif-labels -Wmissing-format-attribute -Wimplicit-fallthrough=3 -Wcast-function-type -Wshadow=compatible-local -Wformat-security -fno-strict-aliasing -fwrapv -fexcess-precision=standard -Wno-format-truncation -Wno-stringop-truncation -O2 -fPIC -fvisibility=hidden nomagic.o -L/usr/local/pgsql/lib   -Wl,--as-needed -Wl,-rpath,'/usr/local/pgsql/lib',--enable-new-dtags -fvisibility=hidden -shared -o nomagic.so
make: Leaving directory '/home/postgres/lab/nomagic'
00000000000005a0 T nomagic_one
0000000000000590 T pg_finfo_nomagic_one
make: Entering directory '/home/postgres/lab/abi17'
gcc -Wall -Wmissing-prototypes -Wpointer-arith -Wdeclaration-after-statement -Werror=vla -Wendif-labels -Wmissing-format-attribute -Wimplicit-fallthrough=3 -Wcast-function-type -Wshadow=compatible-local -Wformat-security -fno-strict-aliasing -fwrapv -fexcess-precision=standard -Wno-format-truncation -Wno-stringop-truncation -O2 -fPIC -fvisibility=hidden -I. -I./ -I/usr/local/pgsql17/include/server -I/usr/local/pgsql17/include/internal -D_GNU_SOURCE    -c -o abi_demo.o abi_demo.c
gcc -Wall -Wmissing-prototypes -Wpointer-arith -Wdeclaration-after-statement -Werror=vla -Wendif-labels -Wmissing-format-attribute -Wimplicit-fallthrough=3 -Wcast-function-type -Wshadow=compatible-local -Wformat-security -fno-strict-aliasing -fwrapv -fexcess-precision=standard -Wno-format-truncation -Wno-stringop-truncation -O2 -fPIC -fvisibility=hidden abi_demo.o -L/usr/local/pgsql17/lib   -Wl,--as-needed -Wl,-rpath,'/usr/local/pgsql17/lib',--enable-new-dtags -fvisibility=hidden -shared -o abi_demo.so
make: Leaving directory '/home/postgres/lab/abi17'
00000000000005c0 T Pg_magic_func
00000000000005e0 T abi_demo_one
00000000000005d0 T pg_finfo_abi_demo_one
ERROR:  incompatible library "/home/postgres/lab/nomagic/nomagic.so": missing magic block
HINT:  Extension libraries are required to use the PG_MODULE_MAGIC macro.
ERROR:  incompatible library "/home/postgres/lab/abi17/abi_demo.so": version mismatch
DETAIL:  Server is version 18, library is version 17.
ERROR:  could not find function "demo_nosuch" in file "/usr/local/pgsql/lib/demo_ext.so"
ERROR:  could not access file "demo_extx": No such file or directory
[exit=0]


######## 9. 다른 backend는 처음 부를 때 올린다 (세션 B)

# 세션 B 시작: psql -X application_name=sessB

[세션 B] $ SELECT pg_backend_pid();
 pg_backend_pid 
----------------
           9320
(1 row)


[세션 B] $ SELECT count(*) AS mapped FROM regexp_split_to_table(pg_read_file('/proc/self/maps'), E'\n') AS l WHERE l LIKE '%demo_ext.so%';
 mapped 
--------
      0
(1 row)


[세션 B] $ SELECT * FROM pg_get_loaded_modules();
 module_name | version | file_name 
-------------+---------+-----------
(0 rows)


[세션 B] $ SELECT demo_add(1, 2);
 demo_add 
----------
        3
(1 row)


[세션 B] $ SELECT count(*) AS mapped FROM regexp_split_to_table(pg_read_file('/proc/self/maps'), E'\n') AS l WHERE l LIKE '%demo_ext.so%';
 mapped 
--------
      4
(1 row)


$ grep -A1 "_PG_init" /home/postgres/server.log
2026-09-26 11:01:47.373 UTC [165] LOG:  demo_ext 1.0: _PG_init in pid 165 (shared_preload_libraries: no)
2026-09-26 11:01:47.373 UTC [165] CONTEXT:  SQL statement "CREATE FUNCTION demo_add(integer, integer) RETURNS integer
--
2026-09-26 11:02:20.705 UTC [9305] LOG:  demo_ext 1.0: _PG_init in pid 9305 (shared_preload_libraries: no)
2026-09-26 11:02:20.705 UTC [9305] STATEMENT:  CREATE FUNCTION demo_nosuch() RETURNS int AS '$libdir/demo_ext', 'demo_nosuch' LANGUAGE C;
--
2026-09-26 11:02:25.807 UTC [9320] LOG:  demo_ext 1.0: _PG_init in pid 9320 (shared_preload_libraries: no)
2026-09-26 11:02:25.807 UTC [9320] STATEMENT:  SELECT demo_add(1, 2);
[exit=0]


######## 10. hook과 custom GUC

[세션 B] $ SET demo_ext.trace = on;
SET

[세션 B] $ SELECT count(*) FROM pg_class WHERE relkind = 'r';
NOTICE:  demo_ext: 1 rows processed
 count 
-------
    69
(1 row)


[세션 B] $ SET demo_ext.tarce = on;
ERROR:  invalid configuration parameter name "demo_ext.tarce"
DETAIL:  "demo_ext" is a reserved prefix.

# 세션 C 시작: psql -X application_name=sessC

[세션 C] $ SET demo_ext.tarce = on;
SET

[세션 C] $ SHOW demo_ext.tarce;
 demo_ext.tarce 
----------------
 on
(1 row)


[세션 C] $ LOAD 'demo_ext';
WARNING:  invalid configuration parameter name "demo_ext.tarce", removing it
DETAIL:  "demo_ext" is now a reserved prefix.
LOAD

[세션 C] $ SELECT * FROM pg_get_loaded_modules();
 module_name | version |  file_name  
-------------+---------+-------------
 demo_ext    | 1.0     | demo_ext.so
(1 row)



######## 11. 프로세스마다 따로 있는 static 변수

[세션 B] $ SET demo_ext.trace = off;
SET

[세션 B] $ SELECT demo_local_count();
 demo_local_count 
------------------
                3
(1 row)


[세션 B] $ SELECT demo_local_count();
 demo_local_count 
------------------
                4
(1 row)


[세션 B] $ SELECT demo_shared_count();
ERROR:  demo_ext must be loaded via "shared_preload_libraries"

[세션 A] $ SELECT demo_local_count();
 demo_local_count 
------------------
                6
(1 row)



######## 12. shared_preload_libraries = demo_ext

$ psql -X -c "ALTER SYSTEM SET shared_preload_libraries = 'demo_ext'"
$ pg_ctl -D $PGDATA -l /home/postgres/server.log restart -m fast
ALTER SYSTEM
waiting for server to shut down.... done
server stopped
waiting for server to start.... done
server started
[exit=0]

$ PM=$(head -1 $PGDATA/postmaster.pid); echo $PM
$ grep "_PG_init" /home/postgres/server.log | tail -1
9751
2026-09-26 11:02:45.013 UTC [9751] LOG:  demo_ext 1.0: _PG_init in pid 9751 (shared_preload_libraries: yes)
[exit=0]

# (root) PM=$(head -1 /var/lib/postgresql/data/postmaster.pid)
# (root) for p in $PM $(pgrep -P $PM); do printf "%6s %-45s %s\n" $p "$(tr "\0" " " < /proc/$p/cmdline | cut -c1-45)" "$(grep -c demo_ext.so /proc/$p/maps)"; done
  9751 /usr/local/pgsql/bin/postgres -D /var/lib/pos 4
  9752 postgres: io worker 0                         4
  9753 postgres: io worker 1                         4
  9754 postgres: io worker 2                         4
  9755 postgres: checkpointer                        4
  9756 postgres: background writer                   4
  9758 postgres: walwriter                           4
  9759 postgres: autovacuum launcher                 4
  9760 postgres: logical replication launcher        4
[exit=0]


######## 13. 새 접속을 만들 때의 postmaster (strace)

# (root) strace -p 9751 -f -e trace=clone,clone3,fork,execve,openat -o /tmp/fork.strace > /dev/null 2>&1 &
# (root) echo $! > /tmp/strace.pid
# (root) sleep 1
[exit=0]

# 세션 A 시작: psql -X application_name=sessA

[세션 A] $ SELECT pg_backend_pid();
 pg_backend_pid 
----------------
           9844
(1 row)


# (root) kill $(cat /tmp/strace.pid); sleep 0.5
# (root) grep -vE "base/|global/|pg_|\.conf" /tmp/fork.strace
# (root) grep -c "demo_ext" /tmp/fork.strace
# (root) grep -c "_PG_init" /home/postgres/server.log
9751  clone(child_stack=NULL, flags=CLONE_CHILD_CLEARTID|CLONE_CHILD_SETTID|SIGCHLD, child_tidptr=0xffffab110ef0) = 9844
9844  openat(AT_FDCWD, "/dev/urandom", O_RDONLY) = 5
9844  openat(AT_FDCWD, "/dev/urandom", O_RDONLY) = 7
9844  openat(AT_FDCWD, "/dev/shm/PostgreSQL.3186032154", O_RDWR|O_NOFOLLOW|O_CLOEXEC) = 8
0
5
[exit=0]


######## 14. 공유 메모리의 카운터

[세션 A] $ SELECT * FROM pg_get_loaded_modules();
 module_name | version |  file_name  
-------------+---------+-------------
 demo_ext    | 1.0     | demo_ext.so
(1 row)


[세션 A] $ SELECT demo_local_count(), demo_shared_count();
 demo_local_count | demo_shared_count 
------------------+-------------------
                2 |                 2
(1 row)


# 세션 B 시작: psql -X application_name=sessB

[세션 B] $ SELECT demo_local_count(), demo_shared_count();
 demo_local_count | demo_shared_count 
------------------+-------------------
                0 |                 3
(1 row)


[세션 B] $ SELECT demo_local_count(), demo_shared_count();
 demo_local_count | demo_shared_count 
------------------+-------------------
                1 |                 4
(1 row)


[세션 A] $ SELECT demo_local_count(), demo_shared_count();
 demo_local_count | demo_shared_count 
------------------+-------------------
                3 |                 5
(1 row)


[세션 A] $ SELECT name, size, allocated_size FROM pg_shmem_allocations WHERE name = 'demo_ext';
   name   | size | allocated_size 
----------+------+----------------
 demo_ext |    8 |            128
(1 row)



######## 15. CREATE EXTENSION은 되는데 조회가 안 된다

[세션 A] $ CREATE EXTENSION pg_stat_statements;
CREATE EXTENSION

[세션 A] $ SELECT count(*) FROM pg_stat_statements;
ERROR:  pg_stat_statements must be loaded via "shared_preload_libraries"


######## 16. shared_preload_libraries를 따옴표 하나로 묶으면

$ psql -X -c "ALTER SYSTEM SET shared_preload_libraries = 'demo_ext, pg_stat_statements'"
$ pg_ctl -D $PGDATA -l /home/postgres/server.log restart -m fast
$ tail -2 /home/postgres/server.log
$ cat $PGDATA/postgresql.auto.conf
$ postgres -D $PGDATA -C shared_preload_libraries
ALTER SYSTEM
waiting for server to shut down.... done
server stopped
waiting for server to start.... stopped waiting
pg_ctl: could not start server
Examine the log output.
2026-09-26 11:03:02.250 UTC [10095] FATAL:  could not access file "demo_ext, pg_stat_statements": No such file or directory
2026-09-26 11:03:02.250 UTC [10095] LOG:  database system is shut down
# Do not edit this file manually!
# It will be overwritten by the ALTER SYSTEM command.
shared_preload_libraries = '"demo_ext, pg_stat_statements"'
"demo_ext, pg_stat_statements"
[exit=0]

$ sed -i "/^shared_preload_libraries/d" $PGDATA/postgresql.auto.conf
$ pg_ctl -D $PGDATA -l /home/postgres/server.log start
$ psql -X -c "ALTER SYSTEM SET shared_preload_libraries = demo_ext, pg_stat_statements"
$ cat $PGDATA/postgresql.auto.conf
$ pg_ctl -D $PGDATA -l /home/postgres/server.log restart -m fast
$ psql -X <<'SQL'
$ SHOW shared_preload_libraries;
$ SELECT count(*) > 0 AS has_rows FROM pg_stat_statements;
$ SELECT * FROM pg_get_loaded_modules();
$ SELECT name, size FROM pg_shmem_allocations WHERE name LIKE 'pg_stat_statements%' OR name = 'demo_ext' ORDER BY name;
$ SQL
waiting for server to start.... done
server started
ALTER SYSTEM
# Do not edit this file manually!
# It will be overwritten by the ALTER SYSTEM command.
shared_preload_libraries = 'demo_ext, pg_stat_statements'
waiting for server to shut down.... done
server stopped
waiting for server to start.... done
server started
   shared_preload_libraries   
------------------------------
 demo_ext, pg_stat_statements
(1 row)

 has_rows 
----------
 t
(1 row)

    module_name     | version |       file_name       
--------------------+---------+-----------------------
 demo_ext           | 1.0     | demo_ext.so
 pg_stat_statements | 18.6    | pg_stat_statements.so
(2 rows)

          name           | size 
-------------------------+------
 demo_ext                |    8
 pg_stat_statements      |   64
 pg_stat_statements hash | 2896
(3 rows)

[exit=0]


######## 17. postmaster와 backend의 매핑 주소

# 세션 A 시작: psql -X application_name=sessA

[세션 A] $ SELECT pg_backend_pid();
 pg_backend_pid 
----------------
          10148
(1 row)


# (root) PM=$(head -1 /var/lib/postgresql/data/postmaster.pid)
# (root) BE=$(psql -U postgres -X -At -c "SELECT pid FROM pg_stat_activity WHERE application_name = 'sessA'")
# (root) echo "postmaster $PM:"; grep pg_stat_statements.so /proc/$PM/maps
# (root) echo "backend $BE:"; grep pg_stat_statements.so /proc/$BE/maps
postmaster 10122:
ffff8d30f000-ffff8d317000 r-xp 00000000 00:49 1274832                    /usr/local/pgsql/lib/pg_stat_statements.so
ffff8d317000-ffff8d32e000 ---p 00008000 00:49 1274832                    /usr/local/pgsql/lib/pg_stat_statements.so
ffff8d32e000-ffff8d32f000 r--p 0000f000 00:49 1274832                    /usr/local/pgsql/lib/pg_stat_statements.so
ffff8d32f000-ffff8d330000 rw-p 00010000 00:49 1274832                    /usr/local/pgsql/lib/pg_stat_statements.so
backend 10148:
ffff8d30f000-ffff8d317000 r-xp 00000000 00:49 1274832                    /usr/local/pgsql/lib/pg_stat_statements.so
ffff8d317000-ffff8d32e000 ---p 00008000 00:49 1274832                    /usr/local/pgsql/lib/pg_stat_statements.so
ffff8d32e000-ffff8d32f000 r--p 0000f000 00:49 1274832                    /usr/local/pgsql/lib/pg_stat_statements.so
ffff8d32f000-ffff8d330000 rw-p 00010000 00:49 1274832                    /usr/local/pgsql/lib/pg_stat_statements.so
[exit=0]


######## 18. 라이브러리 파일을 바꾸면 (preload한 경우)

[세션 A] $ SELECT pg_backend_pid(), demo_build();
 pg_backend_pid |   demo_build    
----------------+-----------------
          10148 | demo_ext.so 1.0
(1 row)


$ cd ~/lab/demo_ext
$ ls -li /usr/local/pgsql/lib/demo_ext.so
$ sed -i "s/^default_version = .*/default_version = '1.1'/" demo_ext.control
$ sed -i "s/^DATA = .*/DATA = demo_ext--1.0.sql demo_ext--1.0--1.1.sql/" Makefile
$ cat demo_ext.control
$ cat Makefile
$ make clean > /dev/null
$ make PG_CPPFLAGS=-DDEMO_V11 > /dev/null && echo "built 1.1"
1306724 -rwxr-xr-x 1 root root 72544 Sep 26 11:01 /usr/local/pgsql/lib/demo_ext.so
# demo_ext extension
comment = 'demo extension for extension internals'
default_version = '1.1'
module_pathname = '$libdir/demo_ext'
relocatable = true
MODULES = demo_ext
EXTENSION = demo_ext
DATA = demo_ext--1.0.sql demo_ext--1.0--1.1.sql

PG_CONFIG = pg_config
PGXS := $(shell $(PG_CONFIG) --pgxs)
include $(PGXS)
built 1.1
[exit=0]

# (root) cd /home/postgres/lab/demo_ext && make install
# (root) ls -li /usr/local/pgsql/lib/demo_ext.so
# (root) nm -D --defined-only /usr/local/pgsql/lib/demo_ext.so | grep -w demo_sub
/usr/bin/mkdir -p '/usr/local/pgsql/share/extension'
/usr/bin/mkdir -p '/usr/local/pgsql/share/extension'
/usr/bin/mkdir -p '/usr/local/pgsql/lib'
/usr/bin/install -c -m 644 .//demo_ext.control '/usr/local/pgsql/share/extension/'
/usr/bin/install -c -m 644 .//demo_ext--1.0.sql .//demo_ext--1.0--1.1.sql  '/usr/local/pgsql/share/extension/'
/usr/bin/install -c -m 755  demo_ext.so '/usr/local/pgsql/lib/'
1306722 -rwxr-xr-x 1 root root 72640 Sep 26 11:03 /usr/local/pgsql/lib/demo_ext.so
0000000000001094 T demo_sub
[exit=0]

[세션 A] $ SELECT l FROM regexp_split_to_table(pg_read_file('/proc/self/maps'), E'\n') AS l WHERE l LIKE '%demo_ext.so%';
                                                          l                                                          
---------------------------------------------------------------------------------------------------------------------
 ffff8d330000-ffff8d332000 r-xp 00000000 00:49 1306724                    /usr/local/pgsql/lib/demo_ext.so (deleted)
 ffff8d332000-ffff8d34f000 ---p 00002000 00:49 1306724                    /usr/local/pgsql/lib/demo_ext.so (deleted)
 ffff8d34f000-ffff8d350000 r--p 0000f000 00:49 1306724                    /usr/local/pgsql/lib/demo_ext.so (deleted)
 ffff8d350000-ffff8d351000 rw-p 00010000 00:49 1306724                    /usr/local/pgsql/lib/demo_ext.so (deleted)
(4 rows)


[세션 A] $ SELECT demo_build();
   demo_build    
-----------------
 demo_ext.so 1.0
(1 row)


[세션 A] $ SELECT name, default_version, installed_version FROM pg_available_extensions WHERE name = 'demo_ext';
   name   | default_version | installed_version 
----------+-----------------+-------------------
 demo_ext | 1.1             | 1.0
(1 row)


[세션 A] $ SELECT * FROM pg_extension_update_paths('demo_ext');
 source | target |   path   
--------+--------+----------
 1.0    | 1.1    | 1.0--1.1
 1.1    | 1.0    | 
(2 rows)


[세션 A] $ ALTER EXTENSION demo_ext UPDATE;
ERROR:  could not find function "demo_sub" in file "/usr/local/pgsql/lib/demo_ext.so"
CONTEXT:  SQL statement "CREATE FUNCTION demo_sub(integer, integer) RETURNS integer
AS '$libdir/demo_ext', 'demo_sub'
LANGUAGE C STRICT IMMUTABLE"
extension script file "demo_ext--1.0--1.1.sql", near line 3

# 세션 B 시작: psql -X application_name=sessB

[세션 B] $ SELECT pg_backend_pid(), demo_build();
 pg_backend_pid |   demo_build    
----------------+-----------------
          10396 | demo_ext.so 1.0
(1 row)


[세션 B] $ SELECT count(*) AS deleted_mappings FROM regexp_split_to_table(pg_read_file('/proc/self/maps'), E'\n') AS l WHERE l LIKE '%demo_ext.so (deleted)%';
 deleted_mappings 
------------------
                4
(1 row)


[세션 B] $ ALTER EXTENSION demo_ext UPDATE;
ERROR:  could not find function "demo_sub" in file "/usr/local/pgsql/lib/demo_ext.so"
CONTEXT:  SQL statement "CREATE FUNCTION demo_sub(integer, integer) RETURNS integer
AS '$libdir/demo_ext', 'demo_sub'
LANGUAGE C STRICT IMMUTABLE"
extension script file "demo_ext--1.0--1.1.sql", near line 3

$ pg_ctl -D $PGDATA -l /home/postgres/server.log restart -m fast
$ grep _PG_init /home/postgres/server.log | tail -1
$ psql -X <<'SQL'
$ SELECT demo_build();
$ SELECT * FROM pg_get_loaded_modules() WHERE module_name = 'demo_ext';
$ ALTER EXTENSION demo_ext UPDATE;
$ SELECT extversion FROM pg_extension WHERE extname = 'demo_ext';
$ SELECT demo_sub(10, 3);
$ SQL
waiting for server to shut down.... done
server stopped
waiting for server to start.... done
server started
2026-09-26 11:03:20.450 UTC [10486] LOG:  demo_ext 1.1: _PG_init in pid 10486 (shared_preload_libraries: yes)
   demo_build    
-----------------
 demo_ext.so 1.1
(1 row)

 module_name | version |  file_name  
-------------+---------+-------------
 demo_ext    | 1.1     | demo_ext.so
(1 row)

ALTER EXTENSION
 extversion 
------------
 1.1
(1 row)

 demo_sub 
----------
        7
(1 row)

[exit=0]


######## 19. 라이브러리 파일을 바꾸면 (preload하지 않은 경우)

$ psql -X -c "ALTER SYSTEM SET shared_preload_libraries = pg_stat_statements"
$ pg_ctl -D $PGDATA -l /home/postgres/server.log restart -m fast
$ cd ~/lab/demo_ext && make clean > /dev/null && make PG_CPPFLAGS='-DDEMO_V11 -DDEMO_BUILD_TAG="\" hotfix\""' > /dev/null && echo "built hotfix"
ALTER SYSTEM
waiting for server to shut down.... done
server stopped
waiting for server to start.... done
server started
built hotfix
[exit=0]

# (root) cd /home/postgres/lab/demo_ext && make install > /dev/null && ls -li /usr/local/pgsql/lib/demo_ext.so
1306720 -rwxr-xr-x 1 root root 72640 Sep 26 11:03 /usr/local/pgsql/lib/demo_ext.so
[exit=0]

# 세션 A 시작: psql -X application_name=sessA

[세션 A] $ SELECT pg_backend_pid(), demo_build();
 pg_backend_pid |       demo_build       
----------------+------------------------
          10589 | demo_ext.so 1.1 hotfix
(1 row)


$ cd ~/lab/demo_ext && make clean > /dev/null && make PG_CPPFLAGS='-DDEMO_V11 -DDEMO_BUILD_TAG="\" hotfix2\""' > /dev/null && echo "built hotfix2"
built hotfix2
[exit=0]

# (root) cd /home/postgres/lab/demo_ext && make install
# (root) ls -li /usr/local/pgsql/lib/demo_ext.so
/usr/bin/mkdir -p '/usr/local/pgsql/share/extension'
/usr/bin/mkdir -p '/usr/local/pgsql/share/extension'
/usr/bin/mkdir -p '/usr/local/pgsql/lib'
/usr/bin/install -c -m 644 .//demo_ext.control '/usr/local/pgsql/share/extension/'
/usr/bin/install -c -m 644 .//demo_ext--1.0.sql .//demo_ext--1.0--1.1.sql  '/usr/local/pgsql/share/extension/'
/usr/bin/install -c -m 755  demo_ext.so '/usr/local/pgsql/lib/'
1306718 -rwxr-xr-x 1 root root 72640 Sep 26 11:03 /usr/local/pgsql/lib/demo_ext.so
[exit=0]

[세션 A] $ SELECT demo_build();
       demo_build       
------------------------
 demo_ext.so 1.1 hotfix
(1 row)


[세션 A] $ SELECT count(*) AS deleted_mappings FROM regexp_split_to_table(pg_read_file('/proc/self/maps'), E'\n') AS l WHERE l LIKE '%demo_ext.so (deleted)%';
 deleted_mappings 
------------------
                4
(1 row)


# 세션 B 시작: psql -X application_name=sessB

[세션 B] $ SELECT pg_backend_pid(), demo_build();
 pg_backend_pid |       demo_build        
----------------+-------------------------
          10732 | demo_ext.so 1.1 hotfix2
(1 row)



######## 20. 올라와 있는 .so를 cp로 덮어쓰면

$ cd ~/lab/demo_ext && make clean > /dev/null && make PG_CPPFLAGS='-DDEMO_V11 -DDEMO_BUILD_TAG="\" hotfix3 with a longer tag\""' > /dev/null && cp demo_ext.so /tmp/demo_ext.hotfix3.so && echo "built hotfix3"
built hotfix3
[exit=0]

# 세션 A 시작: psql -X application_name=sessA

[세션 A] $ SELECT pg_backend_pid(), demo_build(), demo_add(1, 2);
 pg_backend_pid |       demo_build        | demo_add 
----------------+-------------------------+----------
          10823 | demo_ext.so 1.1 hotfix2 |        3
(1 row)


# (root) ls -li /usr/local/pgsql/lib/demo_ext.so
# (root) cp /tmp/demo_ext.hotfix3.so /usr/local/pgsql/lib/demo_ext.so
# (root) ls -li /usr/local/pgsql/lib/demo_ext.so
1306718 -rwxr-xr-x 1 root root 72640 Sep 26 11:03 /usr/local/pgsql/lib/demo_ext.so
1306718 -rwxr-xr-x 1 root root 72640 Sep 26 11:03 /usr/local/pgsql/lib/demo_ext.so
[exit=0]

[세션 A] $ SELECT demo_build();
ERROR:  unrecognized function API version: 0

[세션 A] $ SELECT demo_add(1, 2);
ERROR:  unrecognized function API version: 0

$ cd ~/lab/demo_ext && make clean > /dev/null && make PG_CPPFLAGS=-DDEMO_V11 > /dev/null && echo "built 1.1"
built 1.1
[exit=0]

# (root) cd /home/postgres/lab/demo_ext && make install > /dev/null && strings /usr/local/pgsql/lib/demo_ext.so | grep "^demo_ext.so"
demo_ext.so 1.1
[exit=0]


######## 21. 버전을 건너뛰는 설치

$ createdb verdb
$ psql -X -d verdb <<'SQL'
$ SET client_min_messages = debug1;
$ CREATE EXTENSION demo_ext;
$ RESET client_min_messages;
$ SELECT extversion FROM pg_extension WHERE extname = 'demo_ext';
$ SQL
SET
DEBUG:  executing extension script for "demo_ext" version '1.0'
DEBUG:  executing extension script for "demo_ext" update from version '1.0' to '1.1'
CREATE EXTENSION
RESET
 extversion 
------------
 1.1
(1 row)

[exit=0]


######## 22. C 함수의 crash

# 세션 B 시작: psql -X application_name=sessB

[세션 B] $ SELECT pg_backend_pid();
 pg_backend_pid 
----------------
          11003
(1 row)


[세션 B] $ BEGIN;
BEGIN

[세션 B] $ INSERT INTO demo_note VALUES (1, 'written before the crash, not committed');
INSERT 0 1

$ psql -X <<'SQL'
$ CREATE FUNCTION demo_crash() RETURNS void AS '$libdir/demo_ext', 'demo_crash' LANGUAGE C;
$ SELECT pg_backend_pid();
$ SELECT demo_crash();
$ SQL
$ sleep 2
CREATE FUNCTION
 pg_backend_pid 
----------------
          11077
(1 row)

server closed the connection unexpectedly
	This probably means the server terminated abnormally
	before or while processing the request.
connection to server was lost
[exit=0]

[세션 B] $ COMMIT;
WARNING:  terminating connection because of crash of another server process
DETAIL:  The postmaster has commanded this server process to roll back the current transaction and exit, because another server process exited abnormally and possibly corrupted shared memory.
HINT:  In a moment you should be able to reconnect to the database and repeat your command.
server closed the connection unexpectedly
	This probably means the server terminated abnormally
	before or while processing the request.

$ cat /home/postgres/server.log
$ psql -X -c "SELECT count(*) FROM demo_note" -c "DROP FUNCTION demo_crash()"
2026-09-26 11:01:40.145 UTC [141] LOG:  starting PostgreSQL 18.6 on aarch64-unknown-linux-gnu, compiled by gcc (GCC) 11.5.0 20240719 (Red Hat 11.5.0-14), 64-bit
2026-09-26 11:01:40.146 UTC [141] LOG:  listening on IPv6 address "::1", port 5432
2026-09-26 11:01:40.146 UTC [141] LOG:  listening on IPv4 address "127.0.0.1", port 5432
2026-09-26 11:01:40.146 UTC [141] LOG:  listening on Unix socket "/tmp/.s.PGSQL.5432"
2026-09-26 11:01:40.148 UTC [147] LOG:  database system was shut down at 2026-09-26 11:01:38 UTC
2026-09-26 11:01:40.149 UTC [141] LOG:  database system is ready to accept connections
2026-09-26 11:01:47.373 UTC [165] LOG:  demo_ext 1.0: _PG_init in pid 165 (shared_preload_libraries: no)
2026-09-26 11:01:47.373 UTC [165] CONTEXT:  SQL statement "CREATE FUNCTION demo_add(integer, integer) RETURNS integer
	AS '$libdir/demo_ext', 'demo_add'
	LANGUAGE C STRICT IMMUTABLE"
	extension script file "demo_ext--1.0.sql", near line 3
2026-09-26 11:01:47.373 UTC [165] STATEMENT:  CREATE EXTENSION demo_ext;
2026-09-26 11:02:20.705 UTC [9305] ERROR:  incompatible library "/home/postgres/lab/nomagic/nomagic.so": missing magic block
2026-09-26 11:02:20.705 UTC [9305] HINT:  Extension libraries are required to use the PG_MODULE_MAGIC macro.
2026-09-26 11:02:20.705 UTC [9305] STATEMENT:  CREATE FUNCTION nomagic_one() RETURNS int AS '/home/postgres/lab/nomagic/nomagic.so', 'nomagic_one' LANGUAGE C;
2026-09-26 11:02:20.705 UTC [9305] ERROR:  incompatible library "/home/postgres/lab/abi17/abi_demo.so": version mismatch
2026-09-26 11:02:20.705 UTC [9305] DETAIL:  Server is version 18, library is version 17.
2026-09-26 11:02:20.705 UTC [9305] STATEMENT:  CREATE FUNCTION abi_demo_one() RETURNS int AS '/home/postgres/lab/abi17/abi_demo.so', 'abi_demo_one' LANGUAGE C;
2026-09-26 11:02:20.705 UTC [9305] LOG:  demo_ext 1.0: _PG_init in pid 9305 (shared_preload_libraries: no)
2026-09-26 11:02:20.705 UTC [9305] STATEMENT:  CREATE FUNCTION demo_nosuch() RETURNS int AS '$libdir/demo_ext', 'demo_nosuch' LANGUAGE C;
2026-09-26 11:02:20.705 UTC [9305] ERROR:  could not find function "demo_nosuch" in file "/usr/local/pgsql/lib/demo_ext.so"
2026-09-26 11:02:20.705 UTC [9305] STATEMENT:  CREATE FUNCTION demo_nosuch() RETURNS int AS '$libdir/demo_ext', 'demo_nosuch' LANGUAGE C;
2026-09-26 11:02:20.705 UTC [9305] ERROR:  could not access file "demo_extx": No such file or directory
2026-09-26 11:02:20.705 UTC [9305] STATEMENT:  CREATE FUNCTION demo_nolib() RETURNS int AS '$libdir/demo_extx', 'demo_add' LANGUAGE C;
2026-09-26 11:02:25.807 UTC [9320] LOG:  demo_ext 1.0: _PG_init in pid 9320 (shared_preload_libraries: no)
2026-09-26 11:02:25.807 UTC [9320] STATEMENT:  SELECT demo_add(1, 2);
2026-09-26 11:02:30.819 UTC [9320] ERROR:  invalid configuration parameter name "demo_ext.tarce"
2026-09-26 11:02:30.819 UTC [9320] DETAIL:  "demo_ext" is a reserved prefix.
2026-09-26 11:02:30.819 UTC [9320] STATEMENT:  SET demo_ext.tarce = on;
2026-09-26 11:02:35.465 UTC [9518] LOG:  demo_ext 1.0: _PG_init in pid 9518 (shared_preload_libraries: no)
2026-09-26 11:02:35.465 UTC [9518] STATEMENT:  LOAD 'demo_ext';
2026-09-26 11:02:35.465 UTC [9518] WARNING:  invalid configuration parameter name "demo_ext.tarce", removing it
2026-09-26 11:02:35.465 UTC [9518] DETAIL:  "demo_ext" is now a reserved prefix.
2026-09-26 11:02:41.838 UTC [9320] ERROR:  demo_ext must be loaded via "shared_preload_libraries"
2026-09-26 11:02:41.838 UTC [9320] STATEMENT:  SELECT demo_shared_count();
2026-09-26 11:02:44.902 UTC [141] LOG:  received fast shutdown request
2026-09-26 11:02:44.902 UTC [141] LOG:  aborting any active transactions
2026-09-26 11:02:44.902 UTC [141] LOG:  background worker "logical replication launcher" (PID 150) exited with exit code 1
2026-09-26 11:02:44.903 UTC [145] LOG:  shutting down
2026-09-26 11:02:44.903 UTC [145] LOG:  checkpoint starting: shutdown immediate
2026-09-26 11:02:44.911 UTC [145] LOG:  checkpoint complete: wrote 58 buffers (0.4%), wrote 3 SLRU buffers; 0 WAL file(s) added, 0 removed, 0 recycled; write=0.002 s, sync=0.005 s, total=0.009 s; sync files=48, longest=0.001 s, average=0.001 s; distance=329 kB, estimate=329 kB; lsn=0/17A78F0, redo lsn=0/17A78F0
2026-09-26 11:02:44.916 UTC [141] LOG:  database system is shut down
2026-09-26 11:02:45.013 UTC [9751] LOG:  demo_ext 1.0: _PG_init in pid 9751 (shared_preload_libraries: yes)
2026-09-26 11:02:45.020 UTC [9751] LOG:  starting PostgreSQL 18.6 on aarch64-unknown-linux-gnu, compiled by gcc (GCC) 11.5.0 20240719 (Red Hat 11.5.0-14), 64-bit
2026-09-26 11:02:45.021 UTC [9751] LOG:  listening on IPv6 address "::1", port 5432
2026-09-26 11:02:45.021 UTC [9751] LOG:  listening on IPv4 address "127.0.0.1", port 5432
2026-09-26 11:02:45.022 UTC [9751] LOG:  listening on Unix socket "/tmp/.s.PGSQL.5432"
2026-09-26 11:02:45.024 UTC [9757] LOG:  database system was shut down at 2026-09-26 11:02:44 UTC
2026-09-26 11:02:45.025 UTC [9751] LOG:  database system is ready to accept connections
2026-09-26 11:03:00.560 UTC [9844] ERROR:  pg_stat_statements must be loaded via "shared_preload_libraries"
2026-09-26 11:03:00.560 UTC [9844] STATEMENT:  SELECT count(*) FROM pg_stat_statements;
2026-09-26 11:03:02.144 UTC [9751] LOG:  received fast shutdown request
2026-09-26 11:03:02.144 UTC [9751] LOG:  aborting any active transactions
2026-09-26 11:03:02.145 UTC [9751] LOG:  background worker "logical replication launcher" (PID 9760) exited with exit code 1
2026-09-26 11:03:02.145 UTC [9755] LOG:  shutting down
2026-09-26 11:03:02.145 UTC [9755] LOG:  checkpoint starting: shutdown immediate
2026-09-26 11:03:02.158 UTC [9755] LOG:  checkpoint complete: wrote 73 buffers (0.4%), wrote 3 SLRU buffers; 0 WAL file(s) added, 0 removed, 0 recycled; write=0.002 s, sync=0.009 s, total=0.014 s; sync files=38, longest=0.002 s, average=0.001 s; distance=497 kB, estimate=497 kB; lsn=0/1823E30, redo lsn=0/1823E30
2026-09-26 11:03:02.163 UTC [9751] LOG:  database system is shut down
2026-09-26 11:03:02.250 UTC [10095] FATAL:  could not access file "demo_ext, pg_stat_statements": No such file or directory
2026-09-26 11:03:02.250 UTC [10095] LOG:  database system is shut down
2026-09-26 11:03:02.451 UTC [10108] LOG:  starting PostgreSQL 18.6 on aarch64-unknown-linux-gnu, compiled by gcc (GCC) 11.5.0 20240719 (Red Hat 11.5.0-14), 64-bit
2026-09-26 11:03:02.451 UTC [10108] LOG:  listening on IPv6 address "::1", port 5432
2026-09-26 11:03:02.451 UTC [10108] LOG:  listening on IPv4 address "127.0.0.1", port 5432
2026-09-26 11:03:02.452 UTC [10108] LOG:  listening on Unix socket "/tmp/.s.PGSQL.5432"
2026-09-26 11:03:02.454 UTC [10114] LOG:  database system was shut down at 2026-09-26 11:03:02 UTC
2026-09-26 11:03:02.455 UTC [10108] LOG:  database system is ready to accept connections
2026-09-26 11:03:02.555 UTC [10108] LOG:  received fast shutdown request
2026-09-26 11:03:02.556 UTC [10108] LOG:  aborting any active transactions
2026-09-26 11:03:02.556 UTC [10108] LOG:  background worker "logical replication launcher" (PID 10117) exited with exit code 1
2026-09-26 11:03:02.556 UTC [10112] LOG:  shutting down
2026-09-26 11:03:02.557 UTC [10112] LOG:  checkpoint starting: shutdown immediate
2026-09-26 11:03:02.560 UTC [10112] LOG:  checkpoint complete: wrote 1 buffers (0.0%), wrote 3 SLRU buffers; 0 WAL file(s) added, 0 removed, 0 recycled; write=0.002 s, sync=0.001 s, total=0.004 s; sync files=3, longest=0.001 s, average=0.001 s; distance=5 kB, estimate=5 kB; lsn=0/18254F0, redo lsn=0/18254F0
2026-09-26 11:03:02.564 UTC [10108] LOG:  database system is shut down
2026-09-26 11:03:02.666 UTC [10122] LOG:  demo_ext 1.0: _PG_init in pid 10122 (shared_preload_libraries: yes)
2026-09-26 11:03:02.677 UTC [10122] LOG:  starting PostgreSQL 18.6 on aarch64-unknown-linux-gnu, compiled by gcc (GCC) 11.5.0 20240719 (Red Hat 11.5.0-14), 64-bit
2026-09-26 11:03:02.678 UTC [10122] LOG:  listening on IPv6 address "::1", port 5432
2026-09-26 11:03:02.678 UTC [10122] LOG:  listening on IPv4 address "127.0.0.1", port 5432
2026-09-26 11:03:02.679 UTC [10122] LOG:  listening on Unix socket "/tmp/.s.PGSQL.5432"
2026-09-26 11:03:02.683 UTC [10128] LOG:  database system was shut down at 2026-09-26 11:03:02 UTC
2026-09-26 11:03:02.684 UTC [10122] LOG:  database system is ready to accept connections
2026-09-26 11:03:11.918 UTC [10148] ERROR:  could not find function "demo_sub" in file "/usr/local/pgsql/lib/demo_ext.so"
2026-09-26 11:03:11.918 UTC [10148] CONTEXT:  SQL statement "CREATE FUNCTION demo_sub(integer, integer) RETURNS integer
	AS '$libdir/demo_ext', 'demo_sub'
	LANGUAGE C STRICT IMMUTABLE"
	extension script file "demo_ext--1.0--1.1.sql", near line 3
2026-09-26 11:03:11.918 UTC [10148] STATEMENT:  ALTER EXTENSION demo_ext UPDATE;
2026-09-26 11:03:17.571 UTC [10396] ERROR:  could not find function "demo_sub" in file "/usr/local/pgsql/lib/demo_ext.so"
2026-09-26 11:03:17.571 UTC [10396] CONTEXT:  SQL statement "CREATE FUNCTION demo_sub(integer, integer) RETURNS integer
	AS '$libdir/demo_ext', 'demo_sub'
	LANGUAGE C STRICT IMMUTABLE"
	extension script file "demo_ext--1.0--1.1.sql", near line 3
2026-09-26 11:03:17.571 UTC [10396] STATEMENT:  ALTER EXTENSION demo_ext UPDATE;
2026-09-26 11:03:20.342 UTC [10122] LOG:  received fast shutdown request
2026-09-26 11:03:20.343 UTC [10122] LOG:  aborting any active transactions
2026-09-26 11:03:20.344 UTC [10122] LOG:  background worker "logical replication launcher" (PID 10131) exited with exit code 1
2026-09-26 11:03:20.344 UTC [10126] LOG:  shutting down
2026-09-26 11:03:20.344 UTC [10126] LOG:  checkpoint starting: shutdown immediate
2026-09-26 11:03:20.352 UTC [10126] LOG:  checkpoint complete: wrote 11 buffers (0.1%), wrote 3 SLRU buffers; 0 WAL file(s) added, 0 removed, 0 recycled; write=0.004 s, sync=0.002 s, total=0.008 s; sync files=11, longest=0.001 s, average=0.001 s; distance=69 kB, estimate=69 kB; lsn=0/1836BB0, redo lsn=0/1836BB0
2026-09-26 11:03:20.357 UTC [10122] LOG:  database system is shut down
2026-09-26 11:03:20.450 UTC [10486] LOG:  demo_ext 1.1: _PG_init in pid 10486 (shared_preload_libraries: yes)
2026-09-26 11:03:20.459 UTC [10486] LOG:  starting PostgreSQL 18.6 on aarch64-unknown-linux-gnu, compiled by gcc (GCC) 11.5.0 20240719 (Red Hat 11.5.0-14), 64-bit
2026-09-26 11:03:20.460 UTC [10486] LOG:  listening on IPv6 address "::1", port 5432
2026-09-26 11:03:20.460 UTC [10486] LOG:  listening on IPv4 address "127.0.0.1", port 5432
2026-09-26 11:03:20.464 UTC [10486] LOG:  listening on Unix socket "/tmp/.s.PGSQL.5432"
2026-09-26 11:03:20.466 UTC [10492] LOG:  database system was shut down at 2026-09-26 11:03:20 UTC
2026-09-26 11:03:20.467 UTC [10486] LOG:  database system is ready to accept connections
2026-09-26 11:03:20.652 UTC [10486] LOG:  received fast shutdown request
2026-09-26 11:03:20.652 UTC [10486] LOG:  aborting any active transactions
2026-09-26 11:03:20.653 UTC [10486] LOG:  background worker "logical replication launcher" (PID 10495) exited with exit code 1
2026-09-26 11:03:20.653 UTC [10490] LOG:  shutting down
2026-09-26 11:03:20.653 UTC [10490] LOG:  checkpoint starting: shutdown immediate
2026-09-26 11:03:20.659 UTC [10490] LOG:  checkpoint complete: wrote 9 buffers (0.1%), wrote 3 SLRU buffers; 0 WAL file(s) added, 0 removed, 0 recycled; write=0.001 s, sync=0.002 s, total=0.007 s; sync files=10, longest=0.001 s, average=0.001 s; distance=53 kB, estimate=53 kB; lsn=0/1844220, redo lsn=0/1844220
2026-09-26 11:03:20.663 UTC [10486] LOG:  database system is shut down
2026-09-26 11:03:20.770 UTC [10509] LOG:  starting PostgreSQL 18.6 on aarch64-unknown-linux-gnu, compiled by gcc (GCC) 11.5.0 20240719 (Red Hat 11.5.0-14), 64-bit
2026-09-26 11:03:20.771 UTC [10509] LOG:  listening on IPv6 address "::1", port 5432
2026-09-26 11:03:20.771 UTC [10509] LOG:  listening on IPv4 address "127.0.0.1", port 5432
2026-09-26 11:03:20.772 UTC [10509] LOG:  listening on Unix socket "/tmp/.s.PGSQL.5432"
2026-09-26 11:03:20.774 UTC [10515] LOG:  database system was shut down at 2026-09-26 11:03:20 UTC
2026-09-26 11:03:20.775 UTC [10509] LOG:  database system is ready to accept connections
2026-09-26 11:03:23.094 UTC [10589] LOG:  demo_ext 1.1: _PG_init in pid 10589 (shared_preload_libraries: no)
2026-09-26 11:03:23.094 UTC [10589] STATEMENT:  SELECT pg_backend_pid(), demo_build();
2026-09-26 11:03:27.949 UTC [10732] LOG:  demo_ext 1.1: _PG_init in pid 10732 (shared_preload_libraries: no)
2026-09-26 11:03:27.949 UTC [10732] STATEMENT:  SELECT pg_backend_pid(), demo_build();
2026-09-26 11:03:31.557 UTC [10823] LOG:  demo_ext 1.1: _PG_init in pid 10823 (shared_preload_libraries: no)
2026-09-26 11:03:31.557 UTC [10823] STATEMENT:  SELECT pg_backend_pid(), demo_build(), demo_add(1, 2);
2026-09-26 11:03:32.559 UTC [10823] ERROR:  unrecognized function API version: 0
2026-09-26 11:03:32.559 UTC [10823] STATEMENT:  SELECT demo_build();
2026-09-26 11:03:33.562 UTC [10823] ERROR:  unrecognized function API version: 0
2026-09-26 11:03:33.562 UTC [10823] STATEMENT:  SELECT demo_add(1, 2);
2026-09-26 11:03:34.564 UTC [10509] LOG:  client backend (PID 10823) was terminated by signal 11: Segmentation fault
2026-09-26 11:03:34.564 UTC [10509] LOG:  terminating any other active server processes
2026-09-26 11:03:34.565 UTC [10509] LOG:  all server processes terminated; reinitializing
2026-09-26 11:03:34.585 UTC [10909] LOG:  database system was interrupted; last known up at 2026-09-26 11:03:20 UTC
2026-09-26 11:03:34.615 UTC [10909] LOG:  database system was not properly shut down; automatic recovery in progress
2026-09-26 11:03:34.615 UTC [10909] LOG:  invalid record length at 0/1844298: expected at least 24, got 0
2026-09-26 11:03:34.615 UTC [10909] LOG:  redo is not required
2026-09-26 11:03:34.616 UTC [10910] LOG:  checkpoint starting: end-of-recovery immediate wait
2026-09-26 11:03:34.621 UTC [10910] LOG:  checkpoint complete: wrote 0 buffers (0.0%), wrote 3 SLRU buffers; 0 WAL file(s) added, 0 removed, 0 recycled; write=0.001 s, sync=0.001 s, total=0.006 s; sync files=2, longest=0.001 s, average=0.001 s; distance=0 kB, estimate=0 kB; lsn=0/1844298, redo lsn=0/1844298
2026-09-26 11:03:34.622 UTC [10509] LOG:  database system is ready to accept connections
2026-09-26 11:03:35.055 UTC [10988] LOG:  demo_ext 1.1: _PG_init in pid 10988 (shared_preload_libraries: no)
2026-09-26 11:03:35.055 UTC [10988] CONTEXT:  SQL statement "CREATE FUNCTION demo_add(integer, integer) RETURNS integer
	AS '$libdir/demo_ext', 'demo_add'
	LANGUAGE C STRICT IMMUTABLE"
	extension script file "demo_ext--1.0.sql", near line 3
2026-09-26 11:03:35.055 UTC [10988] STATEMENT:  CREATE EXTENSION demo_ext;
2026-09-26 11:03:39.799 UTC [11077] LOG:  demo_ext 1.1: _PG_init in pid 11077 (shared_preload_libraries: no)
2026-09-26 11:03:39.799 UTC [11077] STATEMENT:  CREATE FUNCTION demo_crash() RETURNS void AS '$libdir/demo_ext', 'demo_crash' LANGUAGE C;
2026-09-26 11:03:39.800 UTC [10509] LOG:  client backend (PID 11077) was terminated by signal 11: Segmentation fault
2026-09-26 11:03:39.800 UTC [10509] DETAIL:  Failed process was running: SELECT demo_crash();
2026-09-26 11:03:39.800 UTC [10509] LOG:  terminating any other active server processes
2026-09-26 11:03:39.801 UTC [10509] LOG:  all server processes terminated; reinitializing
2026-09-26 11:03:39.811 UTC [11082] LOG:  database system was interrupted; last known up at 2026-09-26 11:03:34 UTC
2026-09-26 11:03:39.981 UTC [11082] LOG:  database system was not properly shut down; automatic recovery in progress
2026-09-26 11:03:39.982 UTC [11082] LOG:  redo starts at 0/1844310
2026-09-26 11:03:39.988 UTC [11082] LOG:  invalid record length at 0/1C8F118: expected at least 24, got 0
2026-09-26 11:03:39.988 UTC [11082] LOG:  redo done at 0/1C8F0B0 system usage: CPU: user: 0.00 s, system: 0.00 s, elapsed: 0.00 s
2026-09-26 11:03:39.998 UTC [11083] LOG:  checkpoint starting: end-of-recovery immediate wait
2026-09-26 11:03:40.115 UTC [11083] LOG:  checkpoint complete: wrote 953 buffers (5.8%), wrote 3 SLRU buffers; 0 WAL file(s) added, 0 removed, 0 recycled; write=0.004 s, sync=0.108 s, total=0.119 s; sync files=318, longest=0.004 s, average=0.001 s; distance=4395 kB, estimate=4395 kB; lsn=0/1C8F118, redo lsn=0/1C8F118
2026-09-26 11:03:40.116 UTC [10509] LOG:  database system is ready to accept connections
 count 
-------
     0
(1 row)

DROP FUNCTION
[exit=0]


######## 23. session_preload_libraries

$ psql -X -c "ALTER SYSTEM SET session_preload_libraries = demo_ext" -c "SELECT pg_reload_conf()"
$ sleep 1
$ psql -X -c "SELECT pg_backend_pid()" -c "SELECT * FROM pg_get_loaded_modules() WHERE module_name = 'demo_ext'"
$ grep -E 'parameter "session_preload_libraries" changed to "demo_ext"|_PG_init' /home/postgres/server.log | tail -2
$ psql -X -c "ALTER SYSTEM RESET session_preload_libraries" -c "SELECT pg_reload_conf()"
ALTER SYSTEM
 pg_reload_conf 
----------------
 t
(1 row)

 pg_backend_pid 
----------------
          11137
(1 row)

 module_name | version |  file_name  
-------------+---------+-------------
 demo_ext    | 1.1     | demo_ext.so
(1 row)

2026-09-26 11:03:43.750 UTC [10509] LOG:  parameter "session_preload_libraries" changed to "demo_ext"
2026-09-26 11:03:44.757 UTC [11137] LOG:  demo_ext 1.1: _PG_init in pid 11137 (shared_preload_libraries: no)
ALTER SYSTEM
 pg_reload_conf 
----------------
 t
(1 row)

[exit=0]


######## 24. trusted extension

$ cat /usr/local/pgsql/share/extension/hstore.control
$ psql -X <<'SQL'
$ SELECT e.name, e.default_version, v.superuser, v.trusted FROM pg_available_extensions e JOIN pg_available_extension_versions v ON v.name = e.name AND v.version = e.default_version WHERE e.name IN ('demo_ext', 'hstore', 'pg_stat_statements') ORDER BY 1;
$ SELECT count(*) FILTER (WHERE v.trusted) AS trusted, count(*) AS total FROM pg_available_extensions e JOIN pg_available_extension_versions v ON v.name = e.name AND v.version = e.default_version;
$ CREATE ROLE app LOGIN;
$ CREATE DATABASE appdb;
$ GRANT CREATE ON DATABASE appdb TO app;
$ \c appdb
$ GRANT CREATE ON SCHEMA public TO app;
$ SQL
$ psql -X -U app -d appdb <<'SQL'
$ SELECT current_user, rolsuper FROM pg_roles WHERE rolname = current_user;
$ CREATE EXTENSION demo_ext;
$ CREATE EXTENSION hstore;
$ SELECT extname, extowner::regrole FROM pg_extension WHERE extname = 'hstore';
$ SELECT proname, proowner::regrole FROM pg_proc WHERE proname = 'hstore_in';
$ SELECT 'a=>1, b=>2'::hstore -> 'b' AS b;
$ SQL
# hstore extension
comment = 'data type for storing sets of (key, value) pairs'
default_version = '1.8'
module_pathname = '$libdir/hstore'
relocatable = true
trusted = true
        name        | default_version | superuser | trusted 
--------------------+-----------------+-----------+---------
 demo_ext           | 1.1             | t         | f
 hstore             | 1.8             | t         | t
 pg_stat_statements | 1.12            | t         | f
(3 rows)

 trusted | total 
---------+-------
      19 |    44
(1 row)

CREATE ROLE
CREATE DATABASE
GRANT
You are now connected to database "appdb" as user "postgres".
GRANT
 current_user | rolsuper 
--------------+----------
 app          | f
(1 row)

ERROR:  permission denied to create extension "demo_ext"
HINT:  Must be superuser to create this extension.
CREATE EXTENSION
 extname | extowner 
---------+----------
 hstore  | app
(1 row)

  proname  | proowner 
-----------+----------
 hstore_in | postgres
(1 row)

 b 
---
 2
(1 row)

[exit=0]


######## 25. extension_control_path (PG18)

$ cd ~/lab/pathdemo && make > /dev/null && echo "built pathdemo"
built pathdemo
[exit=0]

# (root) cd /home/postgres/lab/pathdemo && make install DESTDIR=/opt/pathdemo
/usr/bin/mkdir -p '/opt/pathdemo/usr/local/pgsql/share/extension'
/usr/bin/mkdir -p '/opt/pathdemo/usr/local/pgsql/share/extension'
/usr/bin/mkdir -p '/opt/pathdemo/usr/local/pgsql/lib'
/usr/bin/install -c -m 644 .//pathdemo.control '/opt/pathdemo/usr/local/pgsql/share/extension/'
/usr/bin/install -c -m 644 .//pathdemo--0.1.sql  '/opt/pathdemo/usr/local/pgsql/share/extension/'
/usr/bin/install -c -m 755  pathdemo.so '/opt/pathdemo/usr/local/pgsql/lib/'
[exit=0]

$ psql -X <<'SQL'
$ SELECT name, setting, context FROM pg_settings WHERE name IN ('extension_control_path', 'dynamic_library_path');
$ CREATE EXTENSION pathdemo;
$ SET extension_control_path = '$system:/opt/pathdemo/usr/local/pgsql/share';
$ SELECT name, default_version, comment FROM pg_available_extensions WHERE name = 'pathdemo';
$ CREATE EXTENSION pathdemo;
$ SET dynamic_library_path = '$libdir:/opt/pathdemo/usr/local/pgsql/lib';
$ CREATE EXTENSION pathdemo;
$ SELECT pathdemo_hello();
$ SELECT probin FROM pg_proc WHERE proname = 'pathdemo_hello';
$ SQL
$ psql -X <<'SQL'
$ SELECT pathdemo_hello();
$ SELECT extname, extversion FROM pg_extension WHERE extname = 'pathdemo';
$ SELECT name, installed_version FROM pg_available_extensions WHERE name = 'pathdemo';
$ SQL
          name          | setting |  context  
------------------------+---------+-----------
 dynamic_library_path   | $libdir | superuser
 extension_control_path | $system | superuser
(2 rows)

ERROR:  extension "pathdemo" is not available
HINT:  The extension must first be installed on the system where PostgreSQL is running.
SET
   name   | default_version |                     comment                     
----------+-----------------+-------------------------------------------------
 pathdemo | 0.1             | extension installed outside the PostgreSQL tree
(1 row)

ERROR:  could not access file "pathdemo": No such file or directory
CONTEXT:  SQL statement "CREATE FUNCTION pathdemo_hello() RETURNS text
AS 'pathdemo', 'pathdemo_hello'
LANGUAGE C STRICT"
extension script file "pathdemo--0.1.sql", near line 1
SET
CREATE EXTENSION
       pathdemo_hello       
----------------------------
 hello from outside $libdir
(1 row)

  probin  
----------
 pathdemo
(1 row)

ERROR:  could not access file "pathdemo": No such file or directory
 extname  | extversion 
----------+------------
 pathdemo | 0.1
(1 row)

 name | installed_version 
------+-------------------
(0 rows)

[exit=0]


######## 26. pg_dump와 DROP EXTENSION

$ psql -X <<'SQL'
$ INSERT INTO demo_note VALUES (1, 'kept by pg_dump');
$ \dx+ demo_ext
$ DROP FUNCTION demo_add(integer, integer);
$ SQL
$ pg_dump -d postgres | grep -vE "^--|^$|^SET |^SELECT pg_catalog.set_config|^\\\\(un)?restrict"
$ createdb restoredb
$ pg_dump -d postgres | grep -n "CREATE EXTENSION"
$ pg_dump -d postgres | psql -X -q -d restoredb 2>&1 | head -8
$ psql -X -d restoredb <<'SQL'
$ INSERT INTO demo_note VALUES (2, 'important');
$ DROP EXTENSION demo_ext;
$ SELECT to_regclass('demo_note');
$ SQL
INSERT 0 1
  Objects in extension "demo_ext"
         Object description         
------------------------------------
 function demo_add(integer,integer)
 function demo_build()
 function demo_local_count()
 function demo_shared_count()
 function demo_sub(integer,integer)
 table demo_note
 type demo_note
 type demo_note[]
(8 rows)

ERROR:  cannot drop function demo_add(integer,integer) because extension demo_ext requires it
HINT:  You can drop extension demo_ext instead.
CREATE EXTENSION IF NOT EXISTS demo_ext WITH SCHEMA public;
COMMENT ON EXTENSION demo_ext IS 'demo extension for extension internals';
CREATE EXTENSION IF NOT EXISTS pathdemo WITH SCHEMA public;
COMMENT ON EXTENSION pathdemo IS 'extension installed outside the PostgreSQL tree';
CREATE EXTENSION IF NOT EXISTS pg_stat_statements WITH SCHEMA public;
COMMENT ON EXTENSION pg_stat_statements IS 'track planning and execution statistics of all SQL statements executed';
COPY public.demo_note (id, note) FROM stdin;
1	kept by pg_dump
\.
26:CREATE EXTENSION IF NOT EXISTS demo_ext WITH SCHEMA public;
40:CREATE EXTENSION IF NOT EXISTS pathdemo WITH SCHEMA public;
54:CREATE EXTENSION IF NOT EXISTS pg_stat_statements WITH SCHEMA public;
 set_config 
------------
 
(1 row)

ERROR:  extension "pathdemo" is not available
HINT:  The extension must first be installed on the system where PostgreSQL is running.
ERROR:  extension "pathdemo" does not exist
INSERT 0 1
DROP EXTENSION
 to_regclass 
-------------
 
(1 row)

[exit=0]


######## 끝

$ docker rm -f pglab-ext
pglab-ext
[exit=0]

