
######## 0. 실습 환경

$ docker run -d --init --name m04-1 --hostname m04-1 --network m04-net  mongo-internals:rocky9-8.0.32 sleep infinity
16f823425ca4633faf301610edb9d412199c2059d57011d59376964d5e78341a
[exit=0]

$ cat /etc/rocky-release
$ mongod --version | head -1
$ mongosh --version
Rocky Linux release 9.8 (Blue Onyx)
db version v8.0.32
2.12.0
[exit=0]

$ mongod --dbpath /data/db --logpath /data/mongod.log --bind_ip_all --fork  | grep -E 'forked|ERROR'
forked process: 33
[exit=0]


######## 1. 인덱스도 WiredTiger 테이블: key는 KeyString + RecordId

test> db.kdemo.insertMany([{_id: 1, k: 5, u: "a"}, {_id: 2, k: "x", u: "b"}, {_id: 3, k: 5, u: "c"}]).insertedIds
{ '0': 1, '1': 2, '2': 3 }
test> db.kdemo.createIndex({k: 1})
k_1
test> db.kdemo.createIndex({u: 1}, {unique: true})
u_1
test> db.kdemo.stats().wiredTiger.uri
statistics:table:collection-7-13461233652411929628
test> Object.entries(db.kdemo.stats({indexDetails: true}).indexDetails).map(([name, d]) => [name, d.uri])
[
  [ '_id_', 'statistics:table:index-8-13461233652411929628' ],
  [ 'k_1', 'statistics:table:index-9-13461233652411929628' ],
  [ 'u_1', 'statistics:table:index-11-13461233652411929628' ]
]
test> db.adminCommand({fsync: 1}).ok
1

$ mongosh --quiet --eval 'Object.entries(db.kdemo.stats({indexDetails: true}).indexDetails).map(([n, d]) => n + " " + d.uri.replace("statistics:", "")).join("\n")' > /tmp/idx.txt
$ mongosh --quiet --eval 'db.kdemo.stats().wiredTiger.uri.replace("statistics:", "")' > /tmp/coll.txt
$ mongod --dbpath /data/db --shutdown | grep -v '^{'
$ wt -h /data/db dump -x $(cat /tmp/coll.txt) | sed -n '/^Data/,$p'
$ while read name uri; do echo "== $name ($uri)"; wt -h /data/db list -v $uri | tr ',' '\n' | grep -E '^app_metadata|^(key|value)_format'; wt -h /data/db dump -x $uri | sed -n '/^Data/,$p' | tail -n +2; done < /tmp/idx.txt
Killing process with pid: 33
Data
81
1e000000105f69640001000000106b000500000002750002000000610000
82
20000000105f69640002000000026b0002000000780002750002000000620000
83
1e000000105f69640003000000106b000500000002750002000000630000
== _id_ (table:index-8-13461233652411929628)
app_metadata=(formatVersion=8)
key_format=u
value_format=u
2b0204
0008
2b0404
0010
2b0604
0018
== k_1 (table:index-9-13461233652411929628)
app_metadata=(formatVersion=8)
key_format=u
value_format=u
2b0a040008

2b0a040018

3c7800040010

== u_1 (table:index-11-13461233652411929628)
app_metadata=(formatVersion=14)
key_format=u
value_format=u
3c6100040008

3c6200040010

3c6300040018

[exit=0]

$ mongod --dbpath /data/db --logpath /data/mongod.log --bind_ip_all --fork  | grep -E 'forked|ERROR'
forked process: 378
[exit=0]


######## 2. 후보 계획 경쟁: explain allPlansExecution

test> db.ev.insertMany(Array.from({length: 100000}, (_, i) => ({_id: i, a: i < 50000 ? 0 : i, b: i >= 50000 ? 0 : i}))).acknowledged
true
test> db.ev.createIndex({a: 1})
a_1
test> db.ev.createIndex({b: 1})
b_1
test> db.ev.countDocuments({a: 0})
50000
test> db.ev.countDocuments({b: 0})
50001
test> e = db.ev.find({a: 70000, b: 0}).explain("allPlansExecution")
{
  explainVersion: '1',
  queryPlanner: {
    namespace: 'test.ev',
    parsedQuery: {
      '$and': [ { a: { '$eq': 70000 } }, { b: { '$eq': 0 } } ]
    },
    indexFilterSet: false,
    queryHash: 'CB8DF112',
    planCacheShapeHash: 'CB8DF112',
    planCacheKey: 'CF147625',
    optimizationTimeMillis: 0,
    maxIndexedOrSolutionsReached: false,
    maxIndexedAndSolutionsReached: false,
    maxScansToExplodeReached: false,
    prunedSimilarIndexes: false,
    winningPlan: {
      isCached: false,
      stage: 'FETCH',
      filter: { b: { '$eq': 0 } },
      inputStage: {
        stage: 'IXSCAN',
        keyPattern: { a: 1 },
        indexName: 'a_1',
        isMultiKey: false,
        multiKeyPaths: { a: [] },
        isUnique: false,
        isSparse: false,
        isPartial: false,
        indexVersion: 2,
        direction: 'forward',
        indexBounds: { a: [ '[70000, 70000]' ] }
      }
    },
    rejectedPlans: [
      {
        isCached: false,
        stage: 'FETCH',
        filter: { a: { '$eq': 70000 } },
        inputStage: {
          stage: 'IXSCAN',
          keyPattern: { b: 1 },
          indexName: 'b_1',
          isMultiKey: false,
          multiKeyPaths: { b: [] },
          isUnique: false,
          isSparse: false,
          isPartial: false,
          indexVersion: 2,
          direction: 'forward',
          indexBounds: { b: [ '[0, 0]' ] }
        }
      },
      {
        isCached: false,
        stage: 'FETCH',
        filter: {
          '$and': [ { a: { '$eq': 70000 } }, { b: { '$eq': 0 } } ]
        },
        inputStage: {
          stage: 'AND_SORTED',
          inputStages: [
            {
              stage: 'IXSCAN',
              keyPattern: { a: 1 },
              indexName: 'a_1',
              isMultiKey: false,
              multiKeyPaths: { a: [] },
              isUnique: false,
              isSparse: false,
              isPartial: false,
              indexVersion: 2,
              direction: 'forward',
              indexBounds: { a: [ '[70000, 70000]' ] }
            },
            {
              stage: 'IXSCAN',
              keyPattern: { b: 1 },
              indexName: 'b_1',
              isMultiKey: false,
              multiKeyPaths: { b: [] },
              isUnique: false,
              isSparse: false,
              isPartial: false,
              indexVersion: 2,
              direction: 'forward',
              indexBounds: { b: [ '[0, 0]' ] }
            }
          ]
        }
      }
    ]
  },
  executionStats: {
    executionSuccess: true,
    nReturned: 1,
    executionTimeMillis: 0,
    totalKeysExamined: 1,
    totalDocsExamined: 1,
    executionStages: {
      isCached: false,
      stage: 'FETCH',
      filter: { b: { '$eq': 0 } },
      nReturned: 1,
      executionTimeMillisEstimate: 0,
      works: 3,
      advanced: 1,
      needTime: 0,
      needYield: 0,
      saveState: 0,
      restoreState: 0,
      isEOF: 1,
      docsExamined: 1,
      alreadyHasObj: 0,
      inputStage: {
        stage: 'IXSCAN',
        nReturned: 1,
        executionTimeMillisEstimate: 0,
        works: 2,
        advanced: 1,
        needTime: 0,
        needYield: 0,
        saveState: 0,
        restoreState: 0,
        isEOF: 1,
        keyPattern: { a: 1 },
        indexName: 'a_1',
        isMultiKey: false,
        multiKeyPaths: { a: [] },
        isUnique: false,
        isSparse: false,
        isPartial: false,
        indexVersion: 2,
        direction: 'forward',
        indexBounds: { a: [ '[70000, 70000]' ] },
        keysExamined: 1,
        seeks: 1,
        dupsTested: 0,
        dupsDropped: 0
      }
    },
    allPlansExecution: [
      {
        nReturned: 1,
        executionTimeMillisEstimate: 0,
        totalKeysExamined: 1,
        totalDocsExamined: 1,
        score: 2.5002,
        executionStages: {
          isCached: false,
          stage: 'FETCH',
          filter: { b: { '$eq': 0 } },
          nReturned: 1,
          executionTimeMillisEstimate: 0,
          works: 2,
          advanced: 1,
          needTime: 0,
          needYield: 0,
          saveState: 0,
          restoreState: 0,
          isEOF: 1,
          docsExamined: 1,
          alreadyHasObj: 0,
          inputStage: {
            stage: 'IXSCAN',
            nReturned: 1,
            executionTimeMillisEstimate: 0,
            works: 2,
            advanced: 1,
            needTime: 0,
            needYield: 0,
            saveState: 0,
            restoreState: 0,
            isEOF: 1,
            keyPattern: { a: 1 },
            indexName: 'a_1',
            isMultiKey: false,
            multiKeyPaths: { a: [] },
            isUnique: false,
            isSparse: false,
            isPartial: false,
            indexVersion: 2,
            direction: 'forward',
            indexBounds: { a: [ '[70000, 70000]' ] },
            keysExamined: 1,
            seeks: 1,
            dupsTested: 0,
            dupsDropped: 0
          }
        }
      },
      {
        nReturned: 0,
        executionTimeMillisEstimate: 0,
        totalKeysExamined: 2,
        totalDocsExamined: 2,
        score: 1.0002,
        executionStages: {
          isCached: false,
          stage: 'FETCH',
          filter: { a: { '$eq': 70000 } },
          nReturned: 0,
          executionTimeMillisEstimate: 0,
          works: 2,
          advanced: 0,
          needTime: 2,
          needYield: 0,
          saveState: 1,
          restoreState: 0,
          isEOF: 0,
          docsExamined: 2,
          alreadyHasObj: 0,
          inputStage: {
            stage: 'IXSCAN',
            nReturned: 2,
            executionTimeMillisEstimate: 0,
            works: 2,
            advanced: 2,
            needTime: 0,
            needYield: 0,
            saveState: 1,
            restoreState: 0,
            isEOF: 0,
            keyPattern: { b: 1 },
            indexName: 'b_1',
            isMultiKey: false,
            multiKeyPaths: { b: [] },
            isUnique: false,
            isSparse: false,
            isPartial: false,
            indexVersion: 2,
            direction: 'forward',
            indexBounds: { b: [ '[0, 0]' ] },
            keysExamined: 2,
            seeks: 1,
            dupsTested: 0,
            dupsDropped: 0
          }
        }
      },
      {
        nReturned: 0,
        executionTimeMillisEstimate: 0,
        totalKeysExamined: 2,
        totalDocsExamined: 0,
        score: 1.0001,
        executionStages: {
          isCached: false,
          stage: 'FETCH',
          filter: {
            '$and': [ { a: { '$eq': 70000 } }, { b: { '$eq': 0 } } ]
          },
          nReturned: 0,
          executionTimeMillisEstimate: 0,
          works: 2,
          advanced: 0,
          needTime: 2,
          needYield: 0,
          saveState: 1,
          restoreState: 0,
          isEOF: 0,
          docsExamined: 0,
          alreadyHasObj: 0,
          inputStage: {
            stage: 'AND_SORTED',
            nReturned: 0,
            executionTimeMillisEstimate: 0,
            works: 2,
            advanced: 0,
            needTime: 2,
            needYield: 0,
            saveState: 1,
            restoreState: 0,
            isEOF: 0,
            failedAnd_0: 0,
            failedAnd_1: 0,
            inputStages: [
              {
                stage: 'IXSCAN',
                nReturned: 1,
                executionTimeMillisEstimate: 0,
                works: 1,
                advanced: 1,
                needTime: 0,
                needYield: 0,
                saveState: 1,
                restoreState: 0,
                isEOF: 0,
                keyPattern: { a: 1 },
                indexName: 'a_1',
                isMultiKey: false,
                multiKeyPaths: { a: [] },
                isUnique: false,
                isSparse: false,
                isPartial: false,
                indexVersion: 2,
                direction: 'forward',
                indexBounds: { a: [ '[70000, 70000]' ] },
                keysExamined: 1,
                seeks: 1,
                dupsTested: 0,
                dupsDropped: 0
              },
              {
                stage: 'IXSCAN',
                nReturned: 1,
                executionTimeMillisEstimate: 0,
                works: 1,
                advanced: 1,
                needTime: 0,
                needYield: 0,
                saveState: 1,
                restoreState: 0,
                isEOF: 0,
                keyPattern: { b: 1 },
                indexName: 'b_1',
                isMultiKey: false,
                multiKeyPaths: { b: [] },
                isUnique: false,
                isSparse: false,
                isPartial: false,
                indexVersion: 2,
                direction: 'forward',
                indexBounds: { b: [ '[0, 0]' ] },
                keysExamined: 1,
                seeks: 1,
                dupsTested: 0,
                dupsDropped: 0
              }
            ]
          }
        }
      }
    ]
  },
  queryShapeHash: '5F45BE402D70F77B79E3208BEDFD2DA907429CC3FCBE1DA71AACFB2D42BF0A48',
  command: { find: 'ev', filter: { a: 70000, b: 0 }, '$db': 'test' },
  serverInfo: {
    host: 'm04-1',
    port: 27017,
    version: '8.0.32',
    gitVersion: 'f9eb55a7cc900f33a722a5b32a0fdbf54385c749'
  },
  serverParameters: {
    internalQueryFacetBufferSizeBytes: 104857600,
    internalQueryFacetMaxOutputDocSizeBytes: 104857600,
    internalLookupStageIntermediateDocumentMaxSizeBytes: 104857600,
    internalDocumentSourceGroupMaxMemoryBytes: 104857600,
    internalQueryMaxBlockingSortMemoryUsageBytes: 104857600,
    internalQueryProhibitBlockingMergeOnMongoS: 0,
    internalQueryMaxAddToSetBytes: 104857600,
    internalDocumentSourceSetWindowFieldsMaxMemoryBytes: 104857600,
    internalQueryFrameworkControl: 'trySbeRestricted',
    internalQueryPlannerIgnoreIndexWithCollationForRegex: 1
  },
  ok: 1
}
test> e.explainVersion
1
test> ({planCacheShapeHash: e.queryPlanner.planCacheShapeHash, planCacheKey: e.queryPlanner.planCacheKey, rejectedPlans: e.queryPlanner.rejectedPlans.length})
{
  planCacheShapeHash: 'CB8DF112',
  planCacheKey: 'CF147625',
  rejectedPlans: 2
}
test> e.queryPlanner.winningPlan
{
  isCached: false,
  stage: 'FETCH',
  filter: { b: { '$eq': 0 } },
  inputStage: {
    stage: 'IXSCAN',
    keyPattern: { a: 1 },
    indexName: 'a_1',
    isMultiKey: false,
    multiKeyPaths: { a: [] },
    isUnique: false,
    isSparse: false,
    isPartial: false,
    indexVersion: 2,
    direction: 'forward',
    indexBounds: { a: [ '[70000, 70000]' ] }
  }
}
test> ix = (s) => s.indexName ? s.stage + " " + s.indexName : s.stage + (s.inputStage ? " > " + ix(s.inputStage) : " > [" + s.inputStages.map(ix).join(", ") + "]")
[Function: ix]
test> e.executionStats.allPlansExecution.map(p => ({plan: ix(p.executionStages), score: p.score, works: p.executionStages.works, advanced: p.executionStages.advanced, isEOF: p.executionStages.isEOF, totalKeysExamined: p.totalKeysExamined, totalDocsExamined: p.totalDocsExamined}))
[
  {
    plan: 'FETCH > IXSCAN a_1',
    score: 2.5002,
    works: 2,
    advanced: 1,
    isEOF: 1,
    totalKeysExamined: 1,
    totalDocsExamined: 1
  },
  {
    plan: 'FETCH > IXSCAN b_1',
    score: 1.0002,
    works: 2,
    advanced: 0,
    isEOF: 0,
    totalKeysExamined: 2,
    totalDocsExamined: 2
  },
  {
    plan: 'FETCH > AND_SORTED > [IXSCAN a_1, IXSCAN b_1]',
    score: 1.0001,
    works: 2,
    advanced: 0,
    isEOF: 0,
    totalKeysExamined: 2,
    totalDocsExamined: 0
  }
]


######## 3. plan cache: 처음에는 inactive, 두 번째에 active

test> pc = () => db.ev.aggregate([{$planCacheStats: {}}, {$project: {_id: 0, planCacheShapeHash: 1, planCacheKey: 1, isActive: 1, works: 1, createdFromQuery: 1, index: "$cachedPlan.inputStage.indexName"}}]).toArray()
[Function: pc]
test> db.serverStatus().metrics.query.planCache.classic
{
  hits: Long('0'),
  misses: Long('2'),
  replanned: Long('0'),
  skipped: Long('6')
}
test> db.ev.find({a: 70000, b: 0}).toArray()
[ { _id: 70000, a: 70000, b: 0 } ]
test> pc()
[
  {
    planCacheShapeHash: 'CB8DF112',
    planCacheKey: 'CF147625',
    isActive: false,
    works: Long('2'),
    createdFromQuery: { query: { a: 70000, b: 0 }, sort: {}, projection: {} },
    index: 'a_1'
  }
]
test> db.ev.find({a: 70000, b: 0}).toArray()
[ { _id: 70000, a: 70000, b: 0 } ]
test> pc()
[
  {
    planCacheShapeHash: 'CB8DF112',
    planCacheKey: 'CF147625',
    isActive: true,
    works: Long('2'),
    createdFromQuery: { query: { a: 70000, b: 0 }, sort: {}, projection: {} },
    index: 'a_1'
  }
]
test> db.ev.find({a: 60000, b: 0}).toArray()
[ { _id: 60000, a: 60000, b: 0 } ]
test> db.serverStatus().metrics.query.planCache.classic
{
  hits: Long('1'),
  misses: Long('4'),
  replanned: Long('0'),
  skipped: Long('6')
}
test> db.ev.find({a: 60000, b: 0}).explain().queryPlanner.winningPlan.isCached
true


######## 4. replanning: 캐시된 계획이 예상 works의 10배를 넘으면

test> pc = () => db.ev.aggregate([{$planCacheStats: {}}, {$project: {_id: 0, planCacheShapeHash: 1, planCacheKey: 1, isActive: 1, works: 1, createdFromQuery: 1, index: "$cachedPlan.inputStage.indexName"}}]).toArray()
[Function: pc]
test> db.adminCommand({getParameter: 1, internalQueryCacheEvictionRatio: 1}).internalQueryCacheEvictionRatio
10
test> db.setLogLevel(1, "query").was.query.verbosity
-1
test> db.setProfilingLevel(0, {slowms: 0}).slowms
100
test> db.ev.find({a: 0, b: 30000}).toArray()
[ { _id: 30000, a: 0, b: 30000 } ]
test> db.setLogLevel(0, "query").was.query.verbosity
1
test> db.setProfilingLevel(0, {slowms: 100}).slowms
0
test> pc()
[
  {
    planCacheShapeHash: 'CB8DF112',
    planCacheKey: 'CF147625',
    isActive: true,
    works: Long('2'),
    createdFromQuery: { query: { a: 0, b: 30000 }, sort: {}, projection: {} },
    index: 'b_1'
  }
]
test> db.serverStatus().metrics.query.planCache.classic
{
  hits: Long('2'),
  misses: Long('4'),
  replanned: Long('1'),
  skipped: Long('8')
}

$ jq -c 'select(.id == 20580) | {msg, attr: {maxWorksBeforeReplan: .attr.maxWorksBeforeReplan, decisionWorks: .attr.decisionWorks, planSummary: .attr.planSummary}}' /data/mongod.log
$ jq -c 'select(.msg == "Slow query" and .attr.ns == "test.ev" and .attr.replanned) | {planSummary: .attr.planSummary, replanned: .attr.replanned, replanReason: .attr.replanReason, keysExamined: .attr.keysExamined, docsExamined: .attr.docsExamined, planCacheShapeHash: .attr.planCacheShapeHash}' /data/mongod.log
{"msg":"Evicting cache entry and replanning query","attr":{"maxWorksBeforeReplan":20,"decisionWorks":2,"planSummary":"IXSCAN { a: 1 }"}}
{"planSummary":"IXSCAN { b: 1 }","replanned":true,"replanReason":"cached plan was less efficient than expected: expected trial execution to take 2 works but it took at least 20 works","keysExamined":1,"docsExamined":1,"planCacheShapeHash":"CB8DF112"}
[exit=0]


######## 5. plan cache 비우기: planCacheClear와 인덱스 변경

test> pc = () => db.ev.aggregate([{$planCacheStats: {}}, {$project: {_id: 0, isActive: 1, works: 1, index: "$cachedPlan.inputStage.indexName"}}]).toArray()
[Function: pc]
test> pc()
[ { isActive: true, works: Long('2'), index: 'b_1' } ]
test> db.runCommand({planCacheClear: "ev"}).ok
1
test> pc()
[]
test> db.ev.find({a: 70000, b: 0}).toArray().length
1
test> pc()
[ { isActive: false, works: Long('2'), index: 'a_1' } ]
test> db.ev.createIndex({a: 1, b: 1})
a_1_b_1
test> pc()
[]
test> db.ev.find({a: 70000, b: 0}).explain().queryPlanner.winningPlan.inputStage.indexName
a_1_b_1


######## 6. ESR: Equality, Sort, Range

test> db.orders.insertMany(Array.from({length: 200000}, (_, i) => ({_id: i, status: ["new", "paid", "shipped", "done"][i % 4], amount: (i * 7) % 1000, ts: i}))).acknowledged
true
test> db.orders.createIndex({status: 1, amount: 1, ts: 1}, {name: "esr_bad"})
esr_bad
test> db.orders.createIndex({status: 1, ts: 1, amount: 1}, {name: "esr_good"})
esr_good
test> db.orders.countDocuments({status: "paid", amount: {$gte: 900}})
5000
test> st = (s) => s.stage + (s.inputStage ? " > " + st(s.inputStage) : "")
[Function: st]
test> q = () => db.orders.find({status: "paid", amount: {$gte: 900}}).sort({ts: -1}).limit(10)
[Function: q]
test> bad = q().hint("esr_bad").explain("executionStats"); st(bad.executionStats.executionStages)
FETCH > SORT > IXSCAN
test> ({nReturned: bad.executionStats.nReturned, totalKeysExamined: bad.executionStats.totalKeysExamined, totalDocsExamined: bad.executionStats.totalDocsExamined})
{ nReturned: 10, totalKeysExamined: 5000, totalDocsExamined: 10 }
test> bad.queryPlanner.winningPlan.inputStage.inputStage.indexBounds
{
  status: [ '["paid", "paid"]' ],
  amount: [ '[900, inf.0]' ],
  ts: [ '[MinKey, MaxKey]' ]
}
test> good = q().hint("esr_good").explain("executionStats"); st(good.executionStats.executionStages)
LIMIT > FETCH > IXSCAN
test> ({nReturned: good.executionStats.nReturned, totalKeysExamined: good.executionStats.totalKeysExamined, totalDocsExamined: good.executionStats.totalDocsExamined})
{ nReturned: 10, totalKeysExamined: 74, totalDocsExamined: 10 }
test> good.queryPlanner.winningPlan.inputStage.inputStage.indexBounds
{
  status: [ '["paid", "paid"]' ],
  ts: [ '[MaxKey, MinKey]' ],
  amount: [ '[inf.0, 900]' ]
}
test> auto = q().explain("allPlansExecution"); st(auto.queryPlanner.winningPlan)
LIMIT > FETCH > IXSCAN
test> auto.executionStats.allPlansExecution.map(p => ({plan: st(p.executionStages), score: p.score, works: p.executionStages.works, advanced: p.executionStages.advanced, isEOF: p.executionStages.isEOF, totalKeysExamined: p.totalKeysExamined}))
[
  {
    plan: 'LIMIT > FETCH > IXSCAN',
    score: 2.135335135135135,
    works: 74,
    advanced: 10,
    isEOF: 1,
    totalKeysExamined: 74
  },
  {
    plan: 'FETCH > SORT > IXSCAN',
    score: 1.0001,
    works: 74,
    advanced: 0,
    isEOF: 0,
    totalKeysExamined: 74
  }
]
test> db.serverStatus().metrics.operation.scanAndOrder
Long('0')
test> q().hint("esr_bad").toArray().length
10
test> db.serverStatus().metrics.operation.scanAndOrder
Long('1')


######## 7. 커버링 쿼리: 도큐먼트를 읽지 않는다

test> st = (s) => s.stage + (s.inputStage ? " > " + st(s.inputStage) : "")
[Function: st]
test> c1 = db.orders.find({status: "paid", ts: {$gte: 199000}}, {_id: 0, status: 1, ts: 1}).hint("esr_good").explain("executionStats"); st(c1.executionStats.executionStages)
PROJECTION_COVERED > IXSCAN
test> ({nReturned: c1.executionStats.nReturned, totalKeysExamined: c1.executionStats.totalKeysExamined, totalDocsExamined: c1.executionStats.totalDocsExamined})
{ nReturned: 250, totalKeysExamined: 250, totalDocsExamined: 0 }
test> c2 = db.orders.find({status: "paid", ts: {$gte: 199000}}, {status: 1, ts: 1}).hint("esr_good").explain("executionStats"); st(c2.executionStats.executionStages)
PROJECTION_SIMPLE > FETCH > IXSCAN
test> ({nReturned: c2.executionStats.nReturned, totalKeysExamined: c2.executionStats.totalKeysExamined, totalDocsExamined: c2.executionStats.totalDocsExamined})
{ nReturned: 250, totalKeysExamined: 250, totalDocsExamined: 250 }


######## 8. multikey 인덱스

test> db.posts.insertMany([{_id: 1, tags: ["db", "mongo"]}, {_id: 2, tags: ["db", "pg"]}, {_id: 3, tags: "misc"}]).acknowledged
true
test> db.posts.createIndex({tags: 1})
tags_1
test> m = db.posts.find({tags: "db"}).explain("executionStats"); m.executionStats.executionStages.stage
FETCH
test> ({isMultiKey: m.queryPlanner.winningPlan.inputStage.isMultiKey, multiKeyPaths: m.queryPlanner.winningPlan.inputStage.multiKeyPaths, keysExamined: m.executionStats.totalKeysExamined, nReturned: m.executionStats.nReturned})
{
  isMultiKey: true,
  multiKeyPaths: { tags: [ 'tags' ] },
  keysExamined: 2,
  nReturned: 2
}
test> db.posts.stats({indexDetails: true}).indexSizes
{ _id_: 4096, tags_1: 20480 }


######## 9. 실행 엔진: classic과 SBE

test> f = db.orders.find({status: "paid"}).explain(); f.ok
1
test> ({explainVersion: f.explainVersion, winningPlanKeys: Object.keys(f.queryPlanner.winningPlan)})
{
  explainVersion: '1',
  winningPlanKeys: [ 'isCached', 'stage', 'inputStage' ]
}
test> g = db.orders.explain().aggregate([{$match: {status: "paid"}}, {$group: {_id: "$amount", n: {$sum: 1}}}]); g.ok
1
test> ({explainVersion: g.explainVersion, winningPlanKeys: Object.keys(g.queryPlanner.winningPlan), queryPlanStages: g.queryPlanner.winningPlan.queryPlan.stage + " > " + g.queryPlanner.winningPlan.queryPlan.inputStage.stage})
{
  explainVersion: '2',
  winningPlanKeys: [ 'isCached', 'queryPlan', 'slotBasedPlan' ],
  queryPlanStages: 'GROUP > PROJECTION_COVERED'
}
test> db.adminCommand({getParameter: 1, internalQueryFrameworkControl: 1}).internalQueryFrameworkControl
trySbeRestricted
test> db.orders.aggregate([{$match: {status: "paid"}}, {$group: {_id: "$amount", n: {$sum: 1}}}]).toArray().length
250
test> db.serverStatus().metrics.query.planCache
{
  totalQueryShapes: Long('1'),
  totalSizeEstimateBytes: Long('2875'),
  classic: {
    hits: Long('2'),
    misses: Long('7'),
    replanned: Long('1'),
    skipped: Long('24')
  },
  sbe: {
    hits: Long('0'),
    misses: Long('0'),
    replanned: Long('0'),
    skipped: Long('0')
  }
}

done
